Jul 31 15:56:59 debian kernel: Linux version 6.1.0-23-amd64 (debian-kernel@lists.debian.org) (gcc-12 (Debian 12.2.0-14) 12.2.0, GNU ld (GNU Binutils for Debian) 2.40) #1 SMP PREEMPT_DYNAMIC Debian 6.1.99-1 (2024-07-15)
Jul 31 15:56:59 debian kernel: Command line: BOOT_IMAGE=/boot/vmlinuz-6.1.0-23-amd64 root=UUID=e477ca65-16ff-4c7b-b4c5-9c1649306070 ro quiet
Jul 31 15:56:59 debian kernel: BIOS-provided physical RAM map:
Jul 31 15:56:59 debian kernel: BIOS-e820: [mem 0x0000000000000000-0x000000000009fbff] usable
Jul 31 15:56:59 debian kernel: BIOS-e820: [mem 0x000000000009fc00-0x000000000009ffff] reserved
Jul 31 15:56:59 debian kernel: BIOS-e820: [mem 0x00000000000f0000-0x00000000000fffff] reserved
Jul 31 15:56:59 debian kernel: BIOS-e820: [mem 0x0000000000100000-0x000000007ffeffff] usable
Jul 31 15:56:59 debian kernel: BIOS-e820: [mem 0x000000007fff0000-0x000000007fffffff] ACPI data
Jul 31 15:56:59 debian kernel: BIOS-e820: [mem 0x00000000fec00000-0x00000000fec00fff] reserved
Jul 31 15:56:59 debian kernel: BIOS-e820: [mem 0x00000000fee00000-0x00000000fee00fff] reserved
Jul 31 15:56:59 debian kernel: BIOS-e820: [mem 0x00000000fffc0000-0x00000000ffffffff] reserved
Jul 31 15:56:59 debian kernel: NX (Execute Disable) protection: active
Jul 31 15:56:59 debian kernel: SMBIOS 2.5 present.
Jul 31 15:56:59 debian kernel: DMI: innotek GmbH VirtualBox/VirtualBox, BIOS VirtualBox 12/01/2006
Jul 31 15:56:59 debian kernel: Hypervisor detected: KVM
Jul 31 15:56:59 debian kernel: kvm-clock: Using msrs 4b564d01 and 4b564d00
Jul 31 15:56:59 debian kernel: kvm-clock: using sched offset of 14246679594754 cycles
Jul 31 15:56:59 debian kernel: clocksource: kvm-clock: mask: 0xffffffffffffffff max_cycles: 0x1cd42e4dffb, max_idle_ns: 881590591483 ns
Jul 31 15:56:59 debian kernel: tsc: Detected 2904.000 MHz processor
Jul 31 15:56:59 debian kernel: e820: update [mem 0x00000000-0x00000fff] usable ==> reserved
Jul 31 15:56:59 debian kernel: e820: remove [mem 0x000a0000-0x000fffff] usable
Jul 31 15:56:59 debian kernel: last_pfn = 0x7fff0 max_arch_pfn = 0x400000000
Jul 31 15:56:59 debian kernel: Disabled
Jul 31 15:56:59 debian kernel: x86/PAT: MTRRs disabled, skipping PAT initialization too.
Jul 31 15:56:59 debian kernel: CPU MTRRs all blank - virtualized system.
Jul 31 15:56:59 debian kernel: x86/PAT: Configuration [0-7]: WB  WT  UC- UC  WB  WT  UC- UC  
Jul 31 15:56:59 debian kernel: found SMP MP-table at [mem 0x0009fff0-0x0009ffff]
Jul 31 15:56:59 debian kernel: RAMDISK: [mem 0x31185000-0x348b9fff]
Jul 31 15:56:59 debian kernel: ACPI: Early table checksum verification disabled
Jul 31 15:56:59 debian kernel: ACPI: RSDP 0x00000000000E0000 000024 (v02 VBOX  )
Jul 31 15:56:59 debian kernel: ACPI: XSDT 0x000000007FFF0030 00003C (v01 VBOX   VBOXXSDT 00000001 ASL  00000061)
Jul 31 15:56:59 debian kernel: ACPI: FACP 0x000000007FFF00F0 0000F4 (v04 VBOX   VBOXFACP 00000001 ASL  00000061)
Jul 31 15:56:59 debian kernel: ACPI: DSDT 0x000000007FFF0610 002353 (v02 VBOX   VBOXBIOS 00000002 INTL 20100528)
Jul 31 15:56:59 debian kernel: ACPI: FACS 0x000000007FFF0200 000040
Jul 31 15:56:59 debian kernel: ACPI: FACS 0x000000007FFF0200 000040
Jul 31 15:56:59 debian kernel: ACPI: APIC 0x000000007FFF0240 00005C (v02 VBOX   VBOXAPIC 00000001 ASL  00000061)
Jul 31 15:56:59 debian kernel: ACPI: SSDT 0x000000007FFF02A0 00036C (v01 VBOX   VBOXCPUT 00000002 INTL 20100528)
Jul 31 15:56:59 debian kernel: ACPI: Reserving FACP table memory at [mem 0x7fff00f0-0x7fff01e3]
Jul 31 15:56:59 debian kernel: ACPI: Reserving DSDT table memory at [mem 0x7fff0610-0x7fff2962]
Jul 31 15:56:59 debian kernel: ACPI: Reserving FACS table memory at [mem 0x7fff0200-0x7fff023f]
Jul 31 15:56:59 debian kernel: ACPI: Reserving FACS table memory at [mem 0x7fff0200-0x7fff023f]
Jul 31 15:56:59 debian kernel: ACPI: Reserving APIC table memory at [mem 0x7fff0240-0x7fff029b]
Jul 31 15:56:59 debian kernel: ACPI: Reserving SSDT table memory at [mem 0x7fff02a0-0x7fff060b]
Jul 31 15:56:59 debian kernel: No NUMA configuration found
Jul 31 15:56:59 debian kernel: Faking a node at [mem 0x0000000000000000-0x000000007ffeffff]
Jul 31 15:56:59 debian kernel: NODE_DATA(0) allocated [mem 0x7ffc5000-0x7ffeffff]
Jul 31 15:56:59 debian kernel: Zone ranges:
Jul 31 15:56:59 debian kernel:   DMA      [mem 0x0000000000001000-0x0000000000ffffff]
Jul 31 15:56:59 debian kernel:   DMA32    [mem 0x0000000001000000-0x000000007ffeffff]
Jul 31 15:56:59 debian kernel:   Normal   empty
Jul 31 15:56:59 debian kernel:   Device   empty
Jul 31 15:56:59 debian kernel: Movable zone start for each node
Jul 31 15:56:59 debian kernel: Early memory node ranges
Jul 31 15:56:59 debian kernel:   node   0: [mem 0x0000000000001000-0x000000000009efff]
Jul 31 15:56:59 debian kernel:   node   0: [mem 0x0000000000100000-0x000000007ffeffff]
Jul 31 15:56:59 debian kernel: Initmem setup node 0 [mem 0x0000000000001000-0x000000007ffeffff]
Jul 31 15:56:59 debian kernel: On node 0, zone DMA: 1 pages in unavailable ranges
Jul 31 15:56:59 debian kernel: On node 0, zone DMA: 97 pages in unavailable ranges
Jul 31 15:56:59 debian kernel: On node 0, zone DMA32: 16 pages in unavailable ranges
Jul 31 15:56:59 debian kernel: ACPI: PM-Timer IO Port: 0x4008
Jul 31 15:56:59 debian kernel: IOAPIC[0]: apic_id 2, version 32, address 0xfec00000, GSI 0-23
Jul 31 15:56:59 debian kernel: ACPI: INT_SRC_OVR (bus 0 bus_irq 0 global_irq 2 dfl dfl)
Jul 31 15:56:59 debian kernel: ACPI: INT_SRC_OVR (bus 0 bus_irq 9 global_irq 9 low level)
Jul 31 15:56:59 debian kernel: ACPI: Using ACPI (MADT) for SMP configuration information
Jul 31 15:56:59 debian kernel: smpboot: Allowing 2 CPUs, 0 hotplug CPUs
Jul 31 15:56:59 debian kernel: PM: hibernation: Registered nosave memory: [mem 0x00000000-0x00000fff]
Jul 31 15:56:59 debian kernel: PM: hibernation: Registered nosave memory: [mem 0x0009f000-0x0009ffff]
Jul 31 15:56:59 debian kernel: PM: hibernation: Registered nosave memory: [mem 0x000a0000-0x000effff]
Jul 31 15:56:59 debian kernel: PM: hibernation: Registered nosave memory: [mem 0x000f0000-0x000fffff]
Jul 31 15:56:59 debian kernel: [mem 0x80000000-0xfebfffff] available for PCI devices
Jul 31 15:56:59 debian kernel: Booting paravirtualized kernel on KVM
Jul 31 15:56:59 debian kernel: clocksource: refined-jiffies: mask: 0xffffffff max_cycles: 0xffffffff, max_idle_ns: 7645519600211568 ns
Jul 31 15:56:59 debian kernel: setup_percpu: NR_CPUS:8192 nr_cpumask_bits:2 nr_cpu_ids:2 nr_node_ids:1
Jul 31 15:56:59 debian kernel: percpu: Embedded 61 pages/cpu s212992 r8192 d28672 u1048576
Jul 31 15:56:59 debian kernel: pcpu-alloc: s212992 r8192 d28672 u1048576 alloc=1*2097152
Jul 31 15:56:59 debian kernel: pcpu-alloc: [0] 0 1 
Jul 31 15:56:59 debian kernel: kvm-guest: PV spinlocks enabled
Jul 31 15:56:59 debian kernel: PV qspinlock hash table entries: 256 (order: 0, 4096 bytes, linear)
Jul 31 15:56:59 debian kernel: Fallback order for Node 0: 0 
Jul 31 15:56:59 debian kernel: Built 1 zonelists, mobility grouping on.  Total pages: 515824
Jul 31 15:56:59 debian kernel: Policy zone: DMA32
Jul 31 15:56:59 debian kernel: Kernel command line: BOOT_IMAGE=/boot/vmlinuz-6.1.0-23-amd64 root=UUID=e477ca65-16ff-4c7b-b4c5-9c1649306070 ro quiet
Jul 31 15:56:59 debian kernel: Unknown kernel command line parameters "BOOT_IMAGE=/boot/vmlinuz-6.1.0-23-amd64", will be passed to user space.
Jul 31 15:56:59 debian kernel: random: crng init done
Jul 31 15:56:59 debian kernel: Dentry cache hash table entries: 262144 (order: 9, 2097152 bytes, linear)
Jul 31 15:56:59 debian kernel: Inode-cache hash table entries: 131072 (order: 8, 1048576 bytes, linear)
Jul 31 15:56:59 debian kernel: mem auto-init: stack:all(zero), heap alloc:on, heap free:off
Jul 31 15:56:59 debian kernel: Memory: 260860K/2096696K available (14342K kernel code, 2332K rwdata, 9068K rodata, 2796K init, 17404K bss, 147052K reserved, 0K cma-reserved)
Jul 31 15:56:59 debian kernel: SLUB: HWalign=64, Order=0-3, MinObjects=0, CPUs=2, Nodes=1
Jul 31 15:56:59 debian kernel: Kernel/User page tables isolation: enabled
Jul 31 15:56:59 debian kernel: ftrace: allocating 40236 entries in 158 pages
Jul 31 15:56:59 debian kernel: ftrace: allocated 158 pages with 5 groups
Jul 31 15:56:59 debian kernel: Dynamic Preempt: voluntary
Jul 31 15:56:59 debian kernel: rcu: Preemptible hierarchical RCU implementation.
Jul 31 15:56:59 debian kernel: rcu:         RCU restricting CPUs from NR_CPUS=8192 to nr_cpu_ids=2.
Jul 31 15:56:59 debian kernel:         Trampoline variant of Tasks RCU enabled.
Jul 31 15:56:59 debian kernel:         Rude variant of Tasks RCU enabled.
Jul 31 15:56:59 debian kernel:         Tracing variant of Tasks RCU enabled.
Jul 31 15:56:59 debian kernel: rcu: RCU calculated value of scheduler-enlistment delay is 25 jiffies.
Jul 31 15:56:59 debian kernel: rcu: Adjusting geometry for rcu_fanout_leaf=16, nr_cpu_ids=2
Jul 31 15:56:59 debian kernel: NR_IRQS: 524544, nr_irqs: 440, preallocated irqs: 16
Jul 31 15:56:59 debian kernel: rcu: srcu_init: Setting srcu_struct sizes based on contention.
Jul 31 15:56:59 debian kernel: Console: colour VGA+ 80x25
Jul 31 15:56:59 debian kernel: printk: console [tty0] enabled
Jul 31 15:56:59 debian kernel: ACPI: Core revision 20220331
Jul 31 15:56:59 debian kernel: APIC: Switch to symmetric I/O mode setup
Jul 31 15:56:59 debian kernel: ..TIMER: vector=0x30 apic1=0 pin1=2 apic2=-1 pin2=-1
Jul 31 15:56:59 debian kernel: clocksource: tsc-early: mask: 0xffffffffffffffff max_cycles: 0x29dc05e54fc, max_idle_ns: 440795291716 ns
Jul 31 15:56:59 debian kernel: Calibrating delay loop (skipped) preset value.. 5808.00 BogoMIPS (lpj=11616000)
Jul 31 15:56:59 debian kernel: Last level iTLB entries: 4KB 64, 2MB 8, 4MB 8
Jul 31 15:56:59 debian kernel: Last level dTLB entries: 4KB 64, 2MB 0, 4MB 0, 1GB 4
Jul 31 15:56:59 debian kernel: Spectre V1 : Mitigation: usercopy/swapgs barriers and __user pointer sanitization
Jul 31 15:56:59 debian kernel: Spectre V2 : Mitigation: Retpolines
Jul 31 15:56:59 debian kernel: Spectre V2 : Spectre v2 / SpectreRSB mitigation: Filling RSB on context switch
Jul 31 15:56:59 debian kernel: Spectre V2 : Spectre v2 / SpectreRSB : Filling RSB on VMEXIT
Jul 31 15:56:59 debian kernel: RETBleed: WARNING: Spectre v2 mitigation leaves CPU vulnerable to RETBleed attacks, data leaks possible!
Jul 31 15:56:59 debian kernel: RETBleed: Vulnerable
Jul 31 15:56:59 debian kernel: Speculative Store Bypass: Vulnerable
Jul 31 15:56:59 debian kernel: MDS: Mitigation: Clear CPU buffers
Jul 31 15:56:59 debian kernel: MMIO Stale Data: Mitigation: Clear CPU buffers
Jul 31 15:56:59 debian kernel: SRBDS: Unknown: Dependent on hypervisor status
Jul 31 15:56:59 debian kernel: x86/fpu: x87 FPU will use FXSAVE
Jul 31 15:56:59 debian kernel: Freeing SMP alternatives memory: 36K
Jul 31 15:56:59 debian kernel: pid_max: default: 32768 minimum: 301
Jul 31 15:56:59 debian kernel: LSM: Security Framework initializing
Jul 31 15:56:59 debian kernel: landlock: Up and running.
Jul 31 15:56:59 debian kernel: Yama: disabled by default; enable with sysctl kernel.yama.*
Jul 31 15:56:59 debian kernel: AppArmor: AppArmor initialized
Jul 31 15:56:59 debian kernel: TOMOYO Linux initialized
Jul 31 15:56:59 debian kernel: LSM support for eBPF active
Jul 31 15:56:59 debian kernel: Mount-cache hash table entries: 4096 (order: 3, 32768 bytes, linear)
Jul 31 15:56:59 debian kernel: Mountpoint-cache hash table entries: 4096 (order: 3, 32768 bytes, linear)
Jul 31 15:56:59 debian kernel: APIC calibration not consistent with PM-Timer: 129ms instead of 100ms
Jul 31 15:56:59 debian kernel: APIC delta adjusted to PM-Timer: 6381938 (8284232)
Jul 31 15:56:59 debian kernel: smpboot: CPU0: Intel(R) Core(TM) i7-7500U CPU @ 2.70GHz (family: 0x6, model: 0x8e, stepping: 0x9)
Jul 31 15:56:59 debian kernel: cblist_init_generic: Setting adjustable number of callback queues.
Jul 31 15:56:59 debian kernel: cblist_init_generic: Setting shift to 1 and lim to 1.
Jul 31 15:56:59 debian kernel: cblist_init_generic: Setting adjustable number of callback queues.
Jul 31 15:56:59 debian kernel: cblist_init_generic: Setting shift to 1 and lim to 1.
Jul 31 15:56:59 debian kernel: cblist_init_generic: Setting adjustable number of callback queues.
Jul 31 15:56:59 debian kernel: cblist_init_generic: Setting shift to 1 and lim to 1.
Jul 31 15:56:59 debian kernel: Performance Events: unsupported p6 CPU model 142 no PMU driver, software events only.
Jul 31 15:56:59 debian kernel: signal: max sigframe size: 1440
Jul 31 15:56:59 debian kernel: rcu: Hierarchical SRCU implementation.
Jul 31 15:56:59 debian kernel: rcu:         Max phase no-delay instances is 1000.
Jul 31 15:56:59 debian kernel: NMI watchdog: Perf NMI watchdog permanently disabled
Jul 31 15:56:59 debian kernel: smp: Bringing up secondary CPUs ...
Jul 31 15:56:59 debian kernel: x86: Booting SMP configuration:
Jul 31 15:56:59 debian kernel: .... node  #0, CPUs:      #1
Jul 31 15:56:59 debian kernel: TSC synchronization [CPU#0 -> CPU#1]:
Jul 31 15:56:59 debian kernel: Measured 199934 cycles TSC warp between CPUs, turning off TSC clock.
Jul 31 15:56:59 debian kernel: tsc: Marking TSC unstable due to check_tsc_sync_source failed
Jul 31 15:56:59 debian kernel: smp: Brought up 1 node, 2 CPUs
Jul 31 15:56:59 debian kernel: smpboot: Max logical packages: 1
Jul 31 15:56:59 debian kernel: smpboot: Total of 2 processors activated (11616.00 BogoMIPS)
Jul 31 15:56:59 debian kernel: node 0 deferred pages initialised in 4ms
Jul 31 15:56:59 debian kernel: devtmpfs: initialized
Jul 31 15:56:59 debian kernel: x86/mm: Memory block size: 128MB
Jul 31 15:56:59 debian kernel: clocksource: jiffies: mask: 0xffffffff max_cycles: 0xffffffff, max_idle_ns: 7645041785100000 ns
Jul 31 15:56:59 debian kernel: futex hash table entries: 512 (order: 3, 32768 bytes, linear)
Jul 31 15:56:59 debian kernel: pinctrl core: initialized pinctrl subsystem
Jul 31 15:56:59 debian kernel: NET: Registered PF_NETLINK/PF_ROUTE protocol family
Jul 31 15:56:59 debian kernel: DMA: preallocated 256 KiB GFP_KERNEL pool for atomic allocations
Jul 31 15:56:59 debian kernel: DMA: preallocated 256 KiB GFP_KERNEL|GFP_DMA pool for atomic allocations
Jul 31 15:56:59 debian kernel: DMA: preallocated 256 KiB GFP_KERNEL|GFP_DMA32 pool for atomic allocations
Jul 31 15:56:59 debian kernel: audit: initializing netlink subsys (disabled)
Jul 31 15:56:59 debian kernel: thermal_sys: Registered thermal governor 'fair_share'
Jul 31 15:56:59 debian kernel: audit: type=2000 audit(1722470055.242:1): state=initialized audit_enabled=0 res=1
Jul 31 15:56:59 debian kernel: thermal_sys: Registered thermal governor 'bang_bang'
Jul 31 15:56:59 debian kernel: thermal_sys: Registered thermal governor 'step_wise'
Jul 31 15:56:59 debian kernel: thermal_sys: Registered thermal governor 'user_space'
Jul 31 15:56:59 debian kernel: thermal_sys: Registered thermal governor 'power_allocator'
Jul 31 15:56:59 debian kernel: cpuidle: using governor ladder
Jul 31 15:56:59 debian kernel: cpuidle: using governor menu
Jul 31 15:56:59 debian kernel: acpiphp: ACPI Hot Plug PCI Controller Driver version: 0.5
Jul 31 15:56:59 debian kernel: PCI: Using configuration type 1 for base access
Jul 31 15:56:59 debian kernel: kprobes: kprobe jump-optimization is enabled. All kprobes are optimized if possible.
Jul 31 15:56:59 debian kernel: HugeTLB: registered 2.00 MiB page size, pre-allocated 0 pages
Jul 31 15:56:59 debian kernel: HugeTLB: 28 KiB vmemmap can be freed for a 2.00 MiB page
Jul 31 15:56:59 debian kernel: ACPI: Added _OSI(Module Device)
Jul 31 15:56:59 debian kernel: ACPI: Added _OSI(Processor Device)
Jul 31 15:56:59 debian kernel: ACPI: Added _OSI(3.0 _SCP Extensions)
Jul 31 15:56:59 debian kernel: ACPI: Added _OSI(Processor Aggregator Device)
Jul 31 15:56:59 debian kernel: ACPI: 2 ACPI AML tables successfully acquired and loaded
Jul 31 15:56:59 debian kernel: ACPI: Interpreter enabled
Jul 31 15:56:59 debian kernel: ACPI: PM: (supports S0 S5)
Jul 31 15:56:59 debian kernel: ACPI: Using IOAPIC for interrupt routing
Jul 31 15:56:59 debian kernel: PCI: Using host bridge windows from ACPI; if necessary, use "pci=nocrs" and report a bug
Jul 31 15:56:59 debian kernel: PCI: Using E820 reservations for host bridge windows
Jul 31 15:56:59 debian kernel: ACPI: Enabled 2 GPEs in block 00 to 07
Jul 31 15:56:59 debian kernel: ACPI: PCI Root Bridge [PCI0] (domain 0000 [bus 00-ff])
Jul 31 15:56:59 debian kernel: acpi PNP0A03:00: _OSC: OS supports [ASPM ClockPM Segments MSI HPX-Type3]
Jul 31 15:56:59 debian kernel: acpi PNP0A03:00: _OSC: not requesting OS control; OS requires [ExtendedConfig ASPM ClockPM MSI]
Jul 31 15:56:59 debian kernel: acpi PNP0A03:00: fail to add MMCONFIG information, can't access extended PCI configuration space under this bridge.
Jul 31 15:56:59 debian kernel: PCI host bridge to bus 0000:00
Jul 31 15:56:59 debian kernel: pci_bus 0000:00: root bus resource [io  0x0000-0x0cf7 window]
Jul 31 15:56:59 debian kernel: pci_bus 0000:00: root bus resource [io  0x0d00-0xffff window]
Jul 31 15:56:59 debian kernel: pci_bus 0000:00: root bus resource [mem 0x000a0000-0x000bffff window]
Jul 31 15:56:59 debian kernel: pci_bus 0000:00: root bus resource [mem 0x80000000-0xfdffffff window]
Jul 31 15:56:59 debian kernel: pci_bus 0000:00: root bus resource [bus 00-ff]
Jul 31 15:56:59 debian kernel: pci 0000:00:00.0: [8086:1237] type 00 class 0x060000
Jul 31 15:56:59 debian kernel: pci 0000:00:01.0: [8086:7000] type 00 class 0x060100
Jul 31 15:56:59 debian kernel: pci 0000:00:01.1: [8086:7111] type 00 class 0x01018a
Jul 31 15:56:59 debian kernel: pci 0000:00:01.1: reg 0x20: [io  0xd000-0xd00f]
Jul 31 15:56:59 debian kernel: pci 0000:00:01.1: legacy IDE quirk: reg 0x10: [io  0x01f0-0x01f7]
Jul 31 15:56:59 debian kernel: pci 0000:00:01.1: legacy IDE quirk: reg 0x14: [io  0x03f6]
Jul 31 15:56:59 debian kernel: pci 0000:00:01.1: legacy IDE quirk: reg 0x18: [io  0x0170-0x0177]
Jul 31 15:56:59 debian kernel: pci 0000:00:01.1: legacy IDE quirk: reg 0x1c: [io  0x0376]
Jul 31 15:56:59 debian kernel: pci 0000:00:02.0: [15ad:0405] type 00 class 0x030000
Jul 31 15:56:59 debian kernel: pci 0000:00:02.0: reg 0x10: [io  0xd010-0xd01f]
Jul 31 15:56:59 debian kernel: pci 0000:00:02.0: reg 0x14: [mem 0xe0000000-0xe0ffffff pref]
Jul 31 15:56:59 debian kernel: pci 0000:00:02.0: reg 0x18: [mem 0xf0000000-0xf01fffff]
Jul 31 15:56:59 debian kernel: pci 0000:00:02.0: Video device with shadowed ROM at [mem 0x000c0000-0x000dffff]
Jul 31 15:56:59 debian kernel: pci 0000:00:03.0: [8086:100e] type 00 class 0x020000
Jul 31 15:56:59 debian kernel: pci 0000:00:03.0: reg 0x10: [mem 0xf0200000-0xf021ffff]
Jul 31 15:56:59 debian kernel: pci 0000:00:03.0: reg 0x18: [io  0xd020-0xd027]
Jul 31 15:56:59 debian kernel: pci 0000:00:04.0: [80ee:cafe] type 00 class 0x088000
Jul 31 15:56:59 debian kernel: pci 0000:00:04.0: reg 0x10: [io  0xd040-0xd05f]
Jul 31 15:56:59 debian kernel: pci 0000:00:04.0: reg 0x14: [mem 0xf0400000-0xf07fffff]
Jul 31 15:56:59 debian kernel: pci 0000:00:04.0: reg 0x18: [mem 0xf0800000-0xf0803fff pref]
Jul 31 15:56:59 debian kernel: pci 0000:00:05.0: [8086:2415] type 00 class 0x040100
Jul 31 15:56:59 debian kernel: pci 0000:00:05.0: reg 0x10: [io  0xd100-0xd1ff]
Jul 31 15:56:59 debian kernel: pci 0000:00:05.0: reg 0x14: [io  0xd200-0xd23f]
Jul 31 15:56:59 debian kernel: pci 0000:00:06.0: [106b:003f] type 00 class 0x0c0310
Jul 31 15:56:59 debian kernel: pci 0000:00:06.0: reg 0x10: [mem 0xf0804000-0xf0804fff]
Jul 31 15:56:59 debian kernel: pci 0000:00:07.0: [8086:7113] type 00 class 0x068000
Jul 31 15:56:59 debian kernel: pci 0000:00:07.0: quirk: [io  0x4000-0x403f] claimed by PIIX4 ACPI
Jul 31 15:56:59 debian kernel: pci 0000:00:07.0: quirk: [io  0x4100-0x410f] claimed by PIIX4 SMB
Jul 31 15:56:59 debian kernel: pci 0000:00:0b.0: [8086:265c] type 00 class 0x0c0320
Jul 31 15:56:59 debian kernel: pci 0000:00:0b.0: reg 0x10: [mem 0xf0805000-0xf0805fff]
Jul 31 15:56:59 debian kernel: pci 0000:00:0d.0: [8086:2829] type 00 class 0x010601
Jul 31 15:56:59 debian kernel: pci 0000:00:0d.0: reg 0x10: [io  0xd240-0xd247]
Jul 31 15:56:59 debian kernel: pci 0000:00:0d.0: reg 0x14: [io  0xd248-0xd24b]
Jul 31 15:56:59 debian kernel: pci 0000:00:0d.0: reg 0x18: [io  0xd250-0xd257]
Jul 31 15:56:59 debian kernel: pci 0000:00:0d.0: reg 0x1c: [io  0xd258-0xd25b]
Jul 31 15:56:59 debian kernel: pci 0000:00:0d.0: reg 0x20: [io  0xd260-0xd26f]
Jul 31 15:56:59 debian kernel: pci 0000:00:0d.0: reg 0x24: [mem 0xf0806000-0xf0807fff]
Jul 31 15:56:59 debian kernel: ACPI: PCI: Interrupt link LNKA configured for IRQ 11
Jul 31 15:56:59 debian kernel: ACPI: PCI: Interrupt link LNKB configured for IRQ 10
Jul 31 15:56:59 debian kernel: ACPI: PCI: Interrupt link LNKC configured for IRQ 9
Jul 31 15:56:59 debian kernel: ACPI: PCI: Interrupt link LNKD configured for IRQ 11
Jul 31 15:56:59 debian kernel: iommu: Default domain type: Translated 
Jul 31 15:56:59 debian kernel: iommu: DMA domain TLB invalidation policy: lazy mode 
Jul 31 15:56:59 debian kernel: pps_core: LinuxPPS API ver. 1 registered
Jul 31 15:56:59 debian kernel: pps_core: Software ver. 5.3.6 - Copyright 2005-2007 Rodolfo Giometti <giometti@linux.it>
Jul 31 15:56:59 debian kernel: PTP clock support registered
Jul 31 15:56:59 debian kernel: EDAC MC: Ver: 3.0.0
Jul 31 15:56:59 debian kernel: NetLabel: Initializing
Jul 31 15:56:59 debian kernel: NetLabel:  domain hash size = 128
Jul 31 15:56:59 debian kernel: NetLabel:  protocols = UNLABELED CIPSOv4 CALIPSO
Jul 31 15:56:59 debian kernel: NetLabel:  unlabeled traffic allowed by default
Jul 31 15:56:59 debian kernel: PCI: Using ACPI for IRQ routing
Jul 31 15:56:59 debian kernel: PCI: pci_cache_line_size set to 64 bytes
Jul 31 15:56:59 debian kernel: e820: reserve RAM buffer [mem 0x0009fc00-0x0009ffff]
Jul 31 15:56:59 debian kernel: e820: reserve RAM buffer [mem 0x7fff0000-0x7fffffff]
Jul 31 15:56:59 debian kernel: pci 0000:00:02.0: vgaarb: setting as boot VGA device
Jul 31 15:56:59 debian kernel: pci 0000:00:02.0: vgaarb: bridge control possible
Jul 31 15:56:59 debian kernel: pci 0000:00:02.0: vgaarb: VGA device added: decodes=io+mem,owns=io+mem,locks=none
Jul 31 15:56:59 debian kernel: vgaarb: loaded
Jul 31 15:56:59 debian kernel: clocksource: Switched to clocksource kvm-clock
Jul 31 15:56:59 debian kernel: VFS: Disk quotas dquot_6.6.0
Jul 31 15:56:59 debian kernel: VFS: Dquot-cache hash table entries: 512 (order 0, 4096 bytes)
Jul 31 15:56:59 debian kernel: AppArmor: AppArmor Filesystem Enabled
Jul 31 15:56:59 debian kernel: pnp: PnP ACPI init
Jul 31 15:56:59 debian kernel: pnp: PnP ACPI: found 2 devices
Jul 31 15:56:59 debian kernel: clocksource: acpi_pm: mask: 0xffffff max_cycles: 0xffffff, max_idle_ns: 2085701024 ns
Jul 31 15:56:59 debian kernel: NET: Registered PF_INET protocol family
Jul 31 15:56:59 debian kernel: IP idents hash table entries: 32768 (order: 6, 262144 bytes, linear)
Jul 31 15:56:59 debian kernel: tcp_listen_portaddr_hash hash table entries: 1024 (order: 2, 16384 bytes, linear)
Jul 31 15:56:59 debian kernel: Table-perturb hash table entries: 65536 (order: 6, 262144 bytes, linear)
Jul 31 15:56:59 debian kernel: TCP established hash table entries: 16384 (order: 5, 131072 bytes, linear)
Jul 31 15:56:59 debian kernel: TCP bind hash table entries: 16384 (order: 7, 524288 bytes, linear)
Jul 31 15:56:59 debian kernel: TCP: Hash tables configured (established 16384 bind 16384)
Jul 31 15:56:59 debian kernel: MPTCP token hash table entries: 2048 (order: 3, 49152 bytes, linear)
Jul 31 15:56:59 debian kernel: UDP hash table entries: 1024 (order: 3, 32768 bytes, linear)
Jul 31 15:56:59 debian kernel: UDP-Lite hash table entries: 1024 (order: 3, 32768 bytes, linear)
Jul 31 15:56:59 debian kernel: NET: Registered PF_UNIX/PF_LOCAL protocol family
Jul 31 15:56:59 debian kernel: NET: Registered PF_XDP protocol family
Jul 31 15:56:59 debian kernel: pci_bus 0000:00: resource 4 [io  0x0000-0x0cf7 window]
Jul 31 15:56:59 debian kernel: pci_bus 0000:00: resource 5 [io  0x0d00-0xffff window]
Jul 31 15:56:59 debian kernel: pci_bus 0000:00: resource 6 [mem 0x000a0000-0x000bffff window]
Jul 31 15:56:59 debian kernel: pci_bus 0000:00: resource 7 [mem 0x80000000-0xfdffffff window]
Jul 31 15:56:59 debian kernel: pci 0000:00:00.0: Limiting direct PCI/PCI transfers
Jul 31 15:56:59 debian kernel: PCI: CLS 0 bytes, default 64
Jul 31 15:56:59 debian kernel: Trying to unpack rootfs image as initramfs...
Jul 31 15:56:59 debian kernel: platform rtc_cmos: registered platform RTC device (no PNP device found)
Jul 31 15:56:59 debian kernel: Initialise system trusted keyrings
Jul 31 15:56:59 debian kernel: Key type blacklist registered
Jul 31 15:56:59 debian kernel: workingset: timestamp_bits=36 max_order=19 bucket_order=0
Jul 31 15:56:59 debian kernel: zbud: loaded
Jul 31 15:56:59 debian kernel: integrity: Platform Keyring initialized
Jul 31 15:56:59 debian kernel: integrity: Machine keyring initialized
Jul 31 15:56:59 debian kernel: Key type asymmetric registered
Jul 31 15:56:59 debian kernel: Asymmetric key parser 'x509' registered
Jul 31 15:56:59 debian kernel: Freeing initrd memory: 56532K
Jul 31 15:56:59 debian kernel: alg: self-tests for CTR-KDF (hmac(sha256)) passed
Jul 31 15:56:59 debian kernel: Block layer SCSI generic (bsg) driver version 0.4 loaded (major 248)
Jul 31 15:56:59 debian kernel: io scheduler mq-deadline registered
Jul 31 15:56:59 debian kernel: shpchp: Standard Hot Plug PCI Controller Driver version: 0.4
Jul 31 15:56:59 debian kernel: Serial: 8250/16550 driver, 4 ports, IRQ sharing enabled
Jul 31 15:56:59 debian kernel: Linux agpgart interface v0.103
Jul 31 15:56:59 debian kernel: AMD-Vi: AMD IOMMUv2 functionality not available on this system - This is not a bug.
Jul 31 15:56:59 debian kernel: i8042: PNP: PS/2 Controller [PNP0303:PS2K,PNP0f03:PS2M] at 0x60,0x64 irq 1,12
Jul 31 15:56:59 debian kernel: serio: i8042 KBD port at 0x60,0x64 irq 1
Jul 31 15:56:59 debian kernel: serio: i8042 AUX port at 0x60,0x64 irq 12
Jul 31 15:56:59 debian kernel: mousedev: PS/2 mouse device common for all mice
Jul 31 15:56:59 debian kernel: input: AT Translated Set 2 keyboard as /devices/platform/i8042/serio0/input/input0
Jul 31 15:56:59 debian kernel: rtc_cmos rtc_cmos: registered as rtc0
Jul 31 15:56:59 debian kernel: rtc_cmos rtc_cmos: setting system clock to 2024-07-31T19:56:51 UTC (1722455811)
Jul 31 15:56:59 debian kernel: rtc_cmos rtc_cmos: alarms up to one day, 114 bytes nvram
Jul 31 15:56:59 debian kernel: intel_pstate: CPU model not supported
Jul 31 15:56:59 debian kernel: ledtrig-cpu: registered to indicate activity on CPUs
Jul 31 15:56:59 debian kernel: NET: Registered PF_INET6 protocol family
Jul 31 15:56:59 debian kernel: Segment Routing with IPv6
Jul 31 15:56:59 debian kernel: In-situ OAM (IOAM) with IPv6
Jul 31 15:56:59 debian kernel: mip6: Mobile IPv6
Jul 31 15:56:59 debian kernel: NET: Registered PF_PACKET protocol family
Jul 31 15:56:59 debian kernel: mpls_gso: MPLS GSO support
Jul 31 15:56:59 debian kernel: IPI shorthand broadcast: enabled
Jul 31 15:56:59 debian kernel: sched_clock: Marking stable (1410017397, 150499642)->(1561781700, -1264661)
Jul 31 15:56:59 debian kernel: registered taskstats version 1
Jul 31 15:56:59 debian kernel: Loading compiled-in X.509 certificates
Jul 31 15:56:59 debian kernel: Loaded X.509 cert 'Debian Secure Boot CA: 6ccece7e4c6c0d1f6149f3dd27dfcc5cbb419ea1'
Jul 31 15:56:59 debian kernel: Loaded X.509 cert 'Debian Secure Boot Signer 2022 - linux: 14011249c2675ea8e5148542202005810584b25f'
Jul 31 15:56:59 debian kernel: zswap: loaded using pool lzo/zbud
Jul 31 15:56:59 debian kernel: Key type .fscrypt registered
Jul 31 15:56:59 debian kernel: Key type fscrypt-provisioning registered
Jul 31 15:56:59 debian kernel: Key type encrypted registered
Jul 31 15:56:59 debian kernel: AppArmor: AppArmor sha1 policy hashing enabled
Jul 31 15:56:59 debian kernel: ima: No TPM chip found, activating TPM-bypass!
Jul 31 15:56:59 debian kernel: ima: Allocated hash algorithm: sha256
Jul 31 15:56:59 debian kernel: ima: No architecture policies found
Jul 31 15:56:59 debian kernel: evm: Initialising EVM extended attributes:
Jul 31 15:56:59 debian kernel: evm: security.selinux
Jul 31 15:56:59 debian kernel: evm: security.SMACK64 (disabled)
Jul 31 15:56:59 debian kernel: evm: security.SMACK64EXEC (disabled)
Jul 31 15:56:59 debian kernel: evm: security.SMACK64TRANSMUTE (disabled)
Jul 31 15:56:59 debian kernel: evm: security.SMACK64MMAP (disabled)
Jul 31 15:56:59 debian kernel: evm: security.apparmor
Jul 31 15:56:59 debian kernel: evm: security.ima
Jul 31 15:56:59 debian kernel: evm: security.capability
Jul 31 15:56:59 debian kernel: evm: HMAC attrs: 0x1
Jul 31 15:56:59 debian kernel: clk: Disabling unused clocks
Jul 31 15:56:59 debian kernel: Freeing unused decrypted memory: 2036K
Jul 31 15:56:59 debian kernel: Freeing unused kernel image (initmem) memory: 2796K
Jul 31 15:56:59 debian kernel: Write protecting the kernel read-only data: 26624k
Jul 31 15:56:59 debian kernel: Freeing unused kernel image (text/rodata gap) memory: 2040K
Jul 31 15:56:59 debian kernel: Freeing unused kernel image (rodata/data gap) memory: 1172K
Jul 31 15:56:59 debian kernel: x86/mm: Checked W+X mappings: passed, no W+X pages found.
Jul 31 15:56:59 debian kernel: x86/mm: Checking user space page tables
Jul 31 15:56:59 debian kernel: x86/mm: Checked W+X mappings: passed, no W+X pages found.
Jul 31 15:56:59 debian kernel: Run /init as init process
Jul 31 15:56:59 debian kernel:   with arguments:
Jul 31 15:56:59 debian kernel:     /init
Jul 31 15:56:59 debian kernel:   with environment:
Jul 31 15:56:59 debian kernel:     HOME=/
Jul 31 15:56:59 debian kernel:     TERM=linux
Jul 31 15:56:59 debian kernel:     BOOT_IMAGE=/boot/vmlinuz-6.1.0-23-amd64
Jul 31 15:56:59 debian kernel: input: Power Button as /devices/LNXSYSTM:00/LNXPWRBN:00/input/input3
Jul 31 15:56:59 debian kernel: ACPI: button: Power Button [PWRF]
Jul 31 15:56:59 debian kernel: input: Sleep Button as /devices/LNXSYSTM:00/LNXSLPBN:00/input/input4
Jul 31 15:56:59 debian kernel: ACPI: button: Sleep Button [SLPF]
Jul 31 15:56:59 debian kernel: ACPI: video: Video Device [GFX0] (multi-head: yes  rom: no  post: no)
Jul 31 15:56:59 debian kernel: input: Video Bus as /devices/LNXSYSTM:00/LNXSYBUS:00/PNP0A03:00/LNXVIDEO:00/input/input5
Jul 31 15:56:59 debian kernel: piix4_smbus 0000:00:07.0: SMBus Host Controller at 0x4100, revision 0
Jul 31 15:56:59 debian kernel: ACPI: battery: Slot [BAT0] (battery present)
Jul 31 15:56:59 debian kernel: e1000: Intel(R) PRO/1000 Network Driver
Jul 31 15:56:59 debian kernel: e1000: Copyright (c) 1999-2006 Intel Corporation.
Jul 31 15:56:59 debian kernel: ACPI: bus type drm_connector registered
Jul 31 15:56:59 debian kernel: SCSI subsystem initialized
Jul 31 15:56:59 debian kernel: ACPI: bus type USB registered
Jul 31 15:56:59 debian kernel: usbcore: registered new interface driver usbfs
Jul 31 15:56:59 debian kernel: usbcore: registered new interface driver hub
Jul 31 15:56:59 debian kernel: usbcore: registered new device driver usb
Jul 31 15:56:59 debian kernel: ehci-pci 0000:00:0b.0: EHCI Host Controller
Jul 31 15:56:59 debian kernel: ehci-pci 0000:00:0b.0: new USB bus registered, assigned bus number 1
Jul 31 15:56:59 debian kernel: ehci-pci 0000:00:0b.0: irq 19, io mem 0xf0805000
Jul 31 15:56:59 debian kernel: ehci-pci 0000:00:0b.0: USB 2.0 started, EHCI 1.00
Jul 31 15:56:59 debian kernel: usb usb1: New USB device found, idVendor=1d6b, idProduct=0002, bcdDevice= 6.01
Jul 31 15:56:59 debian kernel: usb usb1: New USB device strings: Mfr=3, Product=2, SerialNumber=1
Jul 31 15:56:59 debian kernel: usb usb1: Product: EHCI Host Controller
Jul 31 15:56:59 debian kernel: usb usb1: Manufacturer: Linux 6.1.0-23-amd64 ehci_hcd
Jul 31 15:56:59 debian kernel: usb usb1: SerialNumber: 0000:00:0b.0
Jul 31 15:56:59 debian kernel: hub 1-0:1.0: USB hub found
Jul 31 15:56:59 debian kernel: hub 1-0:1.0: 12 ports detected
Jul 31 15:56:59 debian kernel: input: ImExPS/2 Generic Explorer Mouse as /devices/platform/i8042/serio1/input/input6
Jul 31 15:56:59 debian kernel: libata version 3.00 loaded.
Jul 31 15:56:59 debian kernel: ohci-pci 0000:00:06.0: OHCI PCI host controller
Jul 31 15:56:59 debian kernel: ohci-pci 0000:00:06.0: new USB bus registered, assigned bus number 2
Jul 31 15:56:59 debian kernel: ohci-pci 0000:00:06.0: irq 22, io mem 0xf0804000
Jul 31 15:56:59 debian kernel: ata_piix 0000:00:01.1: version 2.13
Jul 31 15:56:59 debian kernel: ahci 0000:00:0d.0: version 3.0
Jul 31 15:56:59 debian kernel: ahci 0000:00:0d.0: SSS flag set, parallel bus scan disabled
Jul 31 15:56:59 debian kernel: ahci 0000:00:0d.0: AHCI 0001.0100 32 slots 1 ports 3 Gbps 0x1 impl SATA mode
Jul 31 15:56:59 debian kernel: ahci 0000:00:0d.0: flags: 64bit ncq stag only ccc 
Jul 31 15:56:59 debian kernel: vmwgfx 0000:00:02.0: vgaarb: deactivate vga console
Jul 31 15:56:59 debian kernel: Console: switching to colour dummy device 80x25
Jul 31 15:56:59 debian kernel: scsi host1: ahci
Jul 31 15:56:59 debian kernel: ata3: SATA max UDMA/133 abar m8192@0xf0806000 port 0xf0806100 irq 21
Jul 31 15:56:59 debian kernel: scsi host0: ata_piix
Jul 31 15:56:59 debian kernel: vmwgfx 0000:00:02.0: [drm] FIFO at 0x00000000f0000000 size is 2048 kiB
Jul 31 15:56:59 debian kernel: vmwgfx 0000:00:02.0: [drm] VRAM at 0x00000000e0000000 size is 16384 kiB
Jul 31 15:56:59 debian kernel: usb usb2: New USB device found, idVendor=1d6b, idProduct=0001, bcdDevice= 6.01
Jul 31 15:56:59 debian kernel: usb usb2: New USB device strings: Mfr=3, Product=2, SerialNumber=1
Jul 31 15:56:59 debian kernel: usb usb2: Product: OHCI PCI host controller
Jul 31 15:56:59 debian kernel: usb usb2: Manufacturer: Linux 6.1.0-23-amd64 ohci_hcd
Jul 31 15:56:59 debian kernel: usb usb2: SerialNumber: 0000:00:06.0
Jul 31 15:56:59 debian kernel: vmwgfx 0000:00:02.0: [drm] Running on SVGA version 2.
Jul 31 15:56:59 debian kernel: vmwgfx 0000:00:02.0: [drm] Capabilities: rect copy, cursor, cursor bypass, cursor bypass 2, alpha cursor, extended fifo, pitchlock, irq mask, gmr, traces, gmr2, screen object 2, command buffers, 
Jul 31 15:56:59 debian kernel: vmwgfx 0000:00:02.0: [drm] DMA map mode: Caching DMA mappings.
Jul 31 15:56:59 debian kernel: vmwgfx 0000:00:02.0: [drm] Legacy memory limits: VRAM = 16384 kB, FIFO = 2048 kB, surface = 507904 kB
Jul 31 15:56:59 debian kernel: vmwgfx 0000:00:02.0: [drm] MOB limits: max mob size = 0 kB, max mob pages = 0
Jul 31 15:56:59 debian kernel: vmwgfx 0000:00:02.0: [drm] Max GMR ids is 8192
Jul 31 15:56:59 debian kernel: vmwgfx 0000:00:02.0: [drm] Max number of GMR pages is 1048576
Jul 31 15:56:59 debian kernel: vmwgfx 0000:00:02.0: [drm] Maximum display memory size is 16384 kiB
Jul 31 15:56:59 debian kernel: hub 2-0:1.0: USB hub found
Jul 31 15:56:59 debian kernel: hub 2-0:1.0: 12 ports detected
Jul 31 15:56:59 debian kernel: scsi host2: ata_piix
Jul 31 15:56:59 debian kernel: ata1: PATA max UDMA/33 cmd 0x1f0 ctl 0x3f6 bmdma 0xd000 irq 14
Jul 31 15:56:59 debian kernel: ata2: PATA max UDMA/33 cmd 0x170 ctl 0x376 bmdma 0xd008 irq 15
Jul 31 15:56:59 debian kernel: vmwgfx 0000:00:02.0: [drm] Screen Object display unit initialized
Jul 31 15:56:59 debian kernel: vmwgfx 0000:00:02.0: [drm] Fifo max 0x00200000 min 0x00001000 cap 0x00000355
Jul 31 15:56:59 debian kernel: vmwgfx 0000:00:02.0: [drm] Using command buffers with DMA pool.
Jul 31 15:56:59 debian kernel: vmwgfx 0000:00:02.0: [drm] Available shader model: Legacy.
Jul 31 15:56:59 debian kernel: [drm:vmw_host_printf [vmwgfx]] *ERROR* Failed to send host log message.
Jul 31 15:56:59 debian kernel: [drm] Initialized vmwgfx 2.20.0 20211206 for 0000:00:02.0 on minor 0
Jul 31 15:56:59 debian kernel: fbcon: vmwgfxdrmfb (fb0) is primary device
Jul 31 15:56:59 debian kernel: ata2.00: ATAPI: VBOX CD-ROM, 1.0, max UDMA/133
Jul 31 15:56:59 debian kernel: Console: switching to colour frame buffer device 160x50
Jul 31 15:56:59 debian kernel: ata3: SATA link up 3.0 Gbps (SStatus 123 SControl 300)
Jul 31 15:56:59 debian kernel: vmwgfx 0000:00:02.0: [drm] fb0: vmwgfxdrmfb frame buffer device
Jul 31 15:56:59 debian kernel: ata3.00: ATA-6: VBOX HARDDISK, 1.0, max UDMA/133
Jul 31 15:56:59 debian kernel: ata3.00: 63513728 sectors, multi 128: LBA48 NCQ (depth 32)
Jul 31 15:56:59 debian kernel: ata3.00: configured for UDMA/133
Jul 31 15:56:59 debian kernel: scsi 1:0:0:0: Direct-Access     ATA      VBOX HARDDISK    1.0  PQ: 0 ANSI: 5
Jul 31 15:56:59 debian kernel: scsi 2:0:0:0: CD-ROM            VBOX     CD-ROM           1.0  PQ: 0 ANSI: 5
Jul 31 15:56:59 debian kernel: usb 2-1: new full-speed USB device number 2 using ohci-pci
Jul 31 15:56:59 debian kernel: sd 1:0:0:0: [sda] 63513728 512-byte logical blocks: (32.5 GB/30.3 GiB)
Jul 31 15:56:59 debian kernel: sd 1:0:0:0: [sda] Write Protect is off
Jul 31 15:56:59 debian kernel: sd 1:0:0:0: [sda] Mode Sense: 00 3a 00 00
Jul 31 15:56:59 debian kernel: sd 1:0:0:0: [sda] Write cache: enabled, read cache: enabled, doesn't support DPO or FUA
Jul 31 15:56:59 debian kernel: sd 1:0:0:0: [sda] Preferred minimum I/O size 512 bytes
Jul 31 15:56:59 debian kernel:  sda: sda1 sda2 < sda5 >
Jul 31 15:56:59 debian kernel: sd 1:0:0:0: [sda] Attached SCSI disk
Jul 31 15:56:59 debian kernel: sr 2:0:0:0: [sr0] scsi3-mmc drive: 32x/32x xa/form2 tray
Jul 31 15:56:59 debian kernel: cdrom: Uniform CD-ROM driver Revision: 3.20
Jul 31 15:56:59 debian kernel: sr 2:0:0:0: Attached scsi CD-ROM sr0
Jul 31 15:56:59 debian kernel: usb 2-1: New USB device found, idVendor=80ee, idProduct=0021, bcdDevice= 1.00
Jul 31 15:56:59 debian kernel: usb 2-1: New USB device strings: Mfr=1, Product=3, SerialNumber=0
Jul 31 15:56:59 debian kernel: usb 2-1: Product: USB Tablet
Jul 31 15:56:59 debian kernel: usb 2-1: Manufacturer: VirtualBox
Jul 31 15:56:59 debian kernel: hid: raw HID events driver (C) Jiri Kosina
Jul 31 15:56:59 debian kernel: usbcore: registered new interface driver usbhid
Jul 31 15:56:59 debian kernel: usbhid: USB HID core driver
Jul 31 15:56:59 debian kernel: input: VirtualBox USB Tablet as /devices/pci0000:00/0000:00:06.0/usb2/2-1/2-1:1.0/0003:80EE:0021.0001/input/input7
Jul 31 15:56:59 debian kernel: hid-generic 0003:80EE:0021.0001: input,hidraw0: USB HID v1.10 Mouse [VirtualBox USB Tablet] on usb-0000:00:06.0-1/input0
Jul 31 15:56:59 debian kernel: e1000 0000:00:03.0 eth0: (PCI:33MHz:32-bit) 08:00:27:d1:65:c7
Jul 31 15:56:59 debian kernel: e1000 0000:00:03.0 eth0: Intel(R) PRO/1000 Network Connection
Jul 31 15:56:59 debian kernel: e1000 0000:00:03.0 enp0s3: renamed from eth0
Jul 31 15:56:59 debian kernel: input: Speakup as /devices/virtual/input/input8
Jul 31 15:56:59 debian kernel: initialized device: /dev/synth, node (MAJOR 10, MINOR 124)
Jul 31 15:56:59 debian kernel: speakup 3.1.6: initialized
Jul 31 15:56:59 debian kernel: synth name on entry is: soft
Jul 31 15:56:59 debian kernel: synth probe
Jul 31 15:56:59 debian kernel: initialized device: /dev/softsynth, node (MAJOR 10, MINOR 123)
Jul 31 15:56:59 debian kernel: initialized device: /dev/softsynthu, node (MAJOR 10, MINOR 122)
Jul 31 15:56:59 debian kernel: PM: Image not found (code -22)
Jul 31 15:56:59 debian kernel: EXT4-fs (sda1): mounted filesystem with ordered data mode. Quota mode: none.
Jul 31 15:56:59 debian kernel: Not activating Mandatory Access Control as /sbin/tomoyo-init does not exist.
Jul 31 15:56:59 debian systemd[1]: Inserted module 'autofs4'
Jul 31 15:56:59 debian systemd[1]: systemd 252.26-1~deb12u2 running in system mode (+PAM +AUDIT +SELINUX +APPARMOR +IMA +SMACK +SECCOMP +GCRYPT -GNUTLS +OPENSSL +ACL +BLKID +CURL +ELFUTILS +FIDO2 +IDN2 -IDN +IPTC +KMOD +LIBCRYPTSETUP +LIBFDISK +PCRE2 -PWQUALITY +P11KIT +QRENCODE +TPM2 +BZIP2 +LZ4 +XZ +ZLIB +ZSTD -BPF_FRAMEWORK -XKBCOMMON +UTMP +SYSVINIT default-hierarchy=unified)
Jul 31 15:56:59 debian systemd[1]: Detected virtualization oracle.
Jul 31 15:56:59 debian systemd[1]: Detected architecture x86-64.
Jul 31 15:56:59 debian systemd[1]: Hostname set to <debian>.
Jul 31 15:56:59 debian systemd[1]: Invalid DMI field header.
Jul 31 15:56:59 debian systemd[1]: Queued start job for default target graphical.target.
Jul 31 15:56:59 debian systemd[1]: Created slice system-getty.slice - Slice /system/getty.
Jul 31 15:56:59 debian systemd[1]: Created slice system-modprobe.slice - Slice /system/modprobe.
Jul 31 15:56:59 debian systemd[1]: Created slice user.slice - User and Session Slice.
Jul 31 15:56:59 debian systemd[1]: Started systemd-ask-password-wall.path - Forward Password Requests to Wall Directory Watch.
Jul 31 15:56:59 debian systemd[1]: Set up automount proc-sys-fs-binfmt_misc.automount - Arbitrary Executable File Formats File System Automount Point.
Jul 31 15:56:59 debian systemd[1]: Expecting device dev-disk-by\x2duuid-a16246c5\x2d44fe\x2d4bf1\x2d99e3\x2db05e4df433ca.device - /dev/disk/by-uuid/a16246c5-44fe-4bf1-99e3-b05e4df433ca...
Jul 31 15:56:59 debian systemd[1]: Reached target integritysetup.target - Local Integrity Protected Volumes.
Jul 31 15:56:59 debian systemd[1]: Reached target nss-user-lookup.target - User and Group Name Lookups.
Jul 31 15:56:59 debian systemd[1]: Reached target remote-fs.target - Remote File Systems.
Jul 31 15:56:59 debian systemd[1]: Reached target slices.target - Slice Units.
Jul 31 15:56:59 debian systemd[1]: Reached target veritysetup.target - Local Verity Protected Volumes.
Jul 31 15:56:59 debian systemd[1]: Listening on systemd-fsckd.socket - fsck to fsckd communication Socket.
Jul 31 15:56:59 debian systemd[1]: Listening on systemd-initctl.socket - initctl Compatibility Named Pipe.
Jul 31 15:56:59 debian systemd[1]: Listening on systemd-journald-audit.socket - Journal Audit Socket.
Jul 31 15:56:59 debian systemd[1]: Listening on systemd-journald-dev-log.socket - Journal Socket (/dev/log).
Jul 31 15:56:59 debian systemd[1]: Listening on systemd-journald.socket - Journal Socket.
Jul 31 15:56:59 debian systemd[1]: Listening on systemd-udevd-control.socket - udev Control Socket.
Jul 31 15:56:59 debian systemd[1]: Listening on systemd-udevd-kernel.socket - udev Kernel Socket.
Jul 31 15:56:59 debian systemd[1]: Mounting dev-hugepages.mount - Huge Pages File System...
Jul 31 15:56:59 debian systemd[1]: Mounting dev-mqueue.mount - POSIX Message Queue File System...
Jul 31 15:56:59 debian systemd[1]: Mounting sys-kernel-debug.mount - Kernel Debug File System...
Jul 31 15:56:59 debian systemd[1]: Mounting sys-kernel-tracing.mount - Kernel Trace File System...
Jul 31 15:56:59 debian systemd[1]: Starting keyboard-setup.service - Set the console keyboard layout...
Jul 31 15:56:59 debian systemd[1]: Starting kmod-static-nodes.service - Create List of Static Device Nodes...
Jul 31 15:56:59 debian systemd[1]: Starting modprobe@configfs.service - Load Kernel Module configfs...
Jul 31 15:56:59 debian systemd[1]: Starting modprobe@dm_mod.service - Load Kernel Module dm_mod...
Jul 31 15:56:59 debian systemd[1]: Starting modprobe@drm.service - Load Kernel Module drm...
Jul 31 15:56:59 debian systemd[1]: Starting modprobe@efi_pstore.service - Load Kernel Module efi_pstore...
Jul 31 15:56:59 debian systemd[1]: Starting modprobe@fuse.service - Load Kernel Module fuse...
Jul 31 15:56:59 debian systemd[1]: Starting modprobe@loop.service - Load Kernel Module loop...
Jul 31 15:56:59 debian systemd[1]: systemd-fsck-root.service - File System Check on Root Device was skipped because of an unmet condition check (ConditionPathExists=!/run/initramfs/fsck-root).
Jul 31 15:56:59 debian systemd[1]: Starting systemd-journald.service - Journal Service...
Jul 31 15:56:59 debian systemd[1]: Starting systemd-modules-load.service - Load Kernel Modules...
Jul 31 15:56:59 debian systemd[1]: Starting systemd-remount-fs.service - Remount Root and Kernel File Systems...
Jul 31 15:56:59 debian systemd[1]: Starting systemd-udev-trigger.service - Coldplug All udev Devices...
Jul 31 15:56:59 debian systemd[1]: Mounted dev-hugepages.mount - Huge Pages File System.
Jul 31 15:56:59 debian systemd[1]: Mounted dev-mqueue.mount - POSIX Message Queue File System.
Jul 31 15:56:59 debian systemd[1]: Mounted sys-kernel-debug.mount - Kernel Debug File System.
Jul 31 15:56:59 debian systemd[1]: Mounted sys-kernel-tracing.mount - Kernel Trace File System.
Jul 31 15:56:59 debian systemd[1]: Finished kmod-static-nodes.service - Create List of Static Device Nodes.
Jul 31 15:56:59 debian systemd[1]: modprobe@configfs.service: Deactivated successfully.
Jul 31 15:56:59 debian systemd[1]: Finished modprobe@configfs.service - Load Kernel Module configfs.
Jul 31 15:56:59 debian systemd[1]: modprobe@drm.service: Deactivated successfully.
Jul 31 15:56:59 debian systemd[1]: Finished modprobe@drm.service - Load Kernel Module drm.
Jul 31 15:56:59 debian systemd[1]: modprobe@efi_pstore.service: Deactivated successfully.
Jul 31 15:56:59 debian systemd[1]: Finished modprobe@efi_pstore.service - Load Kernel Module efi_pstore.
Jul 31 15:56:59 debian kernel: loop: module loaded
Jul 31 15:56:59 debian systemd[1]: Mounting sys-kernel-config.mount - Kernel Configuration File System...
Jul 31 15:56:59 debian systemd[1]: Mounted sys-kernel-config.mount - Kernel Configuration File System.
Jul 31 15:56:59 debian kernel: EXT4-fs (sda1): re-mounted. Quota mode: none.
Jul 31 15:56:59 debian systemd[1]: Finished systemd-remount-fs.service - Remount Root and Kernel File Systems.
Jul 31 15:56:59 debian systemd[1]: systemd-firstboot.service - First Boot Wizard was skipped because of an unmet condition check (ConditionFirstBoot=yes).
Jul 31 15:56:59 debian systemd[1]: systemd-pstore.service - Platform Persistent Storage Archival was skipped because of an unmet condition check (ConditionDirectoryNotEmpty=/sys/fs/pstore).
Jul 31 15:56:59 debian systemd[1]: Starting systemd-random-seed.service - Load/Save Random Seed...
Jul 31 15:56:59 debian systemd-journald[232]: Journal started
Jul 31 15:56:59 debian systemd-journald[232]: Runtime Journal (/run/log/journal/41b6de202c3f48fdaa490411748aaaff) is 2.4M, max 19.6M, 17.2M free.
Jul 31 15:56:59 debian systemd[1]: Starting systemd-sysusers.service - Create System Users...
Jul 31 15:56:59 debian systemd[1]: Started systemd-journald.service - Journal Service.
Jul 31 15:56:59 debian kernel: fuse: init (API version 7.37)
Jul 31 15:56:59 debian kernel: device-mapper: core: CONFIG_IMA_DISABLE_HTABLE is disabled. Duplicate IMA measurements will not be recorded in the IMA log.
Jul 31 15:56:59 debian kernel: device-mapper: uevent: version 1.0.3
Jul 31 15:56:59 debian kernel: device-mapper: ioctl: 4.47.0-ioctl (2022-07-28) initialised: dm-devel@redhat.com
Jul 31 15:56:59 debian systemd-journald[232]: Time spent on flushing to /var/log/journal/41b6de202c3f48fdaa490411748aaaff is 26.600ms for 538 entries.
Jul 31 15:56:59 debian systemd-journald[232]: System Journal (/var/log/journal/41b6de202c3f48fdaa490411748aaaff) is 8.0M, max 2.8G, 2.8G free.
Jul 31 15:56:59 debian systemd-journald[232]: Received client request to flush runtime journal.
Jul 31 15:56:59 debian kernel: lp: driver loaded but no devices found
Jul 31 15:56:59 debian kernel: ppdev: user-space parallel port driver
Jul 31 15:56:59 debian systemd[1]: modprobe@loop.service: Deactivated successfully.
Jul 31 15:56:59 debian systemd[1]: Finished modprobe@loop.service - Load Kernel Module loop.
Jul 31 15:56:59 debian systemd[1]: Starting systemd-journal-flush.service - Flush Journal to Persistent Storage...
Jul 31 15:56:59 debian systemd[1]: modprobe@dm_mod.service: Deactivated successfully.
Jul 31 15:56:59 debian systemd[1]: Finished modprobe@dm_mod.service - Load Kernel Module dm_mod.
Jul 31 15:56:59 debian systemd[1]: modprobe@fuse.service: Deactivated successfully.
Jul 31 15:56:59 debian systemd[1]: Finished modprobe@fuse.service - Load Kernel Module fuse.
Jul 31 15:56:59 debian systemd[1]: Mounting sys-fs-fuse-connections.mount - FUSE Control File System...
Jul 31 15:56:59 debian systemd[1]: systemd-repart.service - Repartition Root Disk was skipped because no trigger condition checks were met.
Jul 31 15:56:59 debian systemd[1]: Finished systemd-random-seed.service - Load/Save Random Seed.
Jul 31 15:56:59 debian systemd[1]: first-boot-complete.target - First Boot Complete was skipped because of an unmet condition check (ConditionFirstBoot=yes).
Jul 31 15:56:59 debian systemd[1]: Mounted sys-fs-fuse-connections.mount - FUSE Control File System.
Jul 31 15:56:59 debian systemd-modules-load[233]: Inserted module 'lp'
Jul 31 15:56:59 debian systemd[1]: Finished systemd-udev-trigger.service - Coldplug All udev Devices.
Jul 31 15:56:59 debian systemd-modules-load[233]: Inserted module 'ppdev'
Jul 31 15:56:59 debian systemd[1]: Starting ifupdown-pre.service - Helper to synchronize boot up for ifupdown...
Jul 31 15:56:59 debian systemd[1]: Finished systemd-sysusers.service - Create System Users.
Jul 31 15:56:59 debian systemd-modules-load[233]: Inserted module 'parport_pc'
Jul 31 15:56:59 debian systemd[1]: Starting systemd-tmpfiles-setup-dev.service - Create Static Device Nodes in /dev...
Jul 31 15:56:59 debian systemd[1]: Finished systemd-modules-load.service - Load Kernel Modules.
Jul 31 15:56:59 debian systemd[1]: Finished systemd-journal-flush.service - Flush Journal to Persistent Storage.
Jul 31 15:56:59 debian systemd[1]: Starting systemd-sysctl.service - Apply Kernel Variables...
Jul 31 15:56:59 debian systemd[1]: Finished ifupdown-pre.service - Helper to synchronize boot up for ifupdown.
Jul 31 15:56:59 debian systemd[1]: Finished keyboard-setup.service - Set the console keyboard layout.
Jul 31 15:56:59 debian systemd[1]: Finished systemd-sysctl.service - Apply Kernel Variables.
Jul 31 15:56:59 debian systemd[1]: Finished systemd-tmpfiles-setup-dev.service - Create Static Device Nodes in /dev.
Jul 31 15:56:59 debian systemd[1]: Reached target local-fs-pre.target - Preparation for Local File Systems.
Jul 31 15:56:59 debian systemd[1]: Reached target local-fs.target - Local File Systems.
Jul 31 15:57:00 debian systemd[1]: Starting apparmor.service - Load AppArmor profiles...
Jul 31 15:57:00 debian systemd[1]: Starting console-setup.service - Set console font and keymap...
Jul 31 15:57:00 debian systemd[1]: Starting plymouth-read-write.service - Tell Plymouth To Write Out Runtime Data...
Jul 31 15:57:00 debian systemd[1]: Starting systemd-binfmt.service - Set Up Additional Binary Formats...
Jul 31 15:57:00 debian systemd[1]: systemd-machine-id-commit.service - Commit a transient machine-id on disk was skipped because of an unmet condition check (ConditionPathIsMountPoint=/etc/machine-id).
Jul 31 15:57:00 debian systemd[1]: Starting systemd-tmpfiles-setup.service - Create Volatile Files and Directories...
Jul 31 15:57:00 debian systemd[1]: Starting systemd-udevd.service - Rule-based Manager for Device Events and Files...
Jul 31 15:57:00 debian systemd[1]: Received SIGRTMIN+20 from PID 160 (plymouthd).
Jul 31 15:57:00 debian systemd[1]: Finished plymouth-read-write.service - Tell Plymouth To Write Out Runtime Data.
Jul 31 15:57:00 debian systemd[1]: Finished console-setup.service - Set console font and keymap.
Jul 31 15:57:00 debian systemd[1]: proc-sys-fs-binfmt_misc.automount: Got automount request for /proc/sys/fs/binfmt_misc, triggered by 266 (systemd-binfmt)
Jul 31 15:57:00 debian apparmor.systemd[262]: Restarting AppArmor
Jul 31 15:57:00 debian apparmor.systemd[262]: Reloading AppArmor profiles
Jul 31 15:57:00 debian systemd[1]: Finished systemd-tmpfiles-setup.service - Create Volatile Files and Directories.
Jul 31 15:57:00 debian systemd[1]: Starting systemd-timesyncd.service - Network Time Synchronization...
Jul 31 15:57:00 debian systemd[1]: Starting systemd-update-utmp.service - Record System Boot/Shutdown in UTMP...
Jul 31 15:57:00 debian systemd-udevd[268]: Using default interface naming scheme 'v252'.
Jul 31 15:57:00 debian systemd[1]: Finished systemd-update-utmp.service - Record System Boot/Shutdown in UTMP.
Jul 31 15:57:00 debian systemd[1]: Mounting proc-sys-fs-binfmt_misc.mount - Arbitrary Executable File Formats File System...
Jul 31 15:57:00 debian audit[280]: AVC apparmor="STATUS" operation="profile_load" profile="unconfined" name="lsb_release" pid=280 comm="apparmor_parser"
Jul 31 15:57:00 debian kernel: audit: type=1400 audit(1722455820.476:2): apparmor="STATUS" operation="profile_load" profile="unconfined" name="lsb_release" pid=280 comm="apparmor_parser"
Jul 31 15:57:00 debian systemd[1]: Mounted proc-sys-fs-binfmt_misc.mount - Arbitrary Executable File Formats File System.
Jul 31 15:57:00 debian systemd[1]: Started systemd-udevd.service - Rule-based Manager for Device Events and Files.
Jul 31 15:57:00 debian systemd[1]: Finished systemd-binfmt.service - Set Up Additional Binary Formats.
Jul 31 15:57:00 debian systemd[1]: Starting plymouth-start.service - Show Plymouth Boot Screen...
Jul 31 15:57:00 debian systemd[1]: Started plymouth-start.service - Show Plymouth Boot Screen.
Jul 31 15:57:00 debian systemd[1]: systemd-ask-password-console.path - Dispatch Password Requests to Console Directory Watch was skipped because of an unmet condition check (ConditionPathExists=!/run/plymouth/pid).
Jul 31 15:57:00 debian systemd[1]: Started systemd-ask-password-plymouth.path - Forward Password Requests to Plymouth Directory Watch.
Jul 31 15:57:00 debian systemd[1]: Reached target cryptsetup.target - Local Encrypted Volumes.
Jul 31 15:57:00 debian audit[283]: AVC apparmor="STATUS" operation="profile_load" profile="unconfined" name="nvidia_modprobe" pid=283 comm="apparmor_parser"
Jul 31 15:57:00 debian kernel: audit: type=1400 audit(1722455820.760:3): apparmor="STATUS" operation="profile_load" profile="unconfined" name="nvidia_modprobe" pid=283 comm="apparmor_parser"
Jul 31 15:57:00 debian kernel: sd 1:0:0:0: Attached scsi generic sg0 type 0
Jul 31 15:57:00 debian kernel: sr 2:0:0:0: Attached scsi generic sg1 type 5
Jul 31 15:57:01 debian mtp-probe[312]: checking bus 2, device 2: "/sys/devices/pci0000:00/0000:00:06.0/usb2/2-1"
Jul 31 15:57:01 debian mtp-probe[312]: bus: 2, device: 2 was not an MTP device
Jul 31 15:57:01 debian systemd[1]: Started systemd-timesyncd.service - Network Time Synchronization.
Jul 31 15:57:01 debian audit[283]: AVC apparmor="STATUS" operation="profile_load" profile="unconfined" name="nvidia_modprobe//kmod" pid=283 comm="apparmor_parser"
Jul 31 15:57:01 debian kernel: audit: type=1400 audit(1722455821.084:4): apparmor="STATUS" operation="profile_load" profile="unconfined" name="nvidia_modprobe//kmod" pid=283 comm="apparmor_parser"
Jul 31 15:57:01 debian systemd[1]: Found device dev-disk-by\x2duuid-a16246c5\x2d44fe\x2d4bf1\x2d99e3\x2db05e4df433ca.device - VBOX_HARDDISK 5.
Jul 31 15:57:01 debian systemd[1]: Reached target time-set.target - System Time Set.
Jul 31 15:57:01 debian audit[279]: AVC apparmor="STATUS" operation="profile_load" profile="unconfined" name="/usr/lib/x86_64-linux-gnu/lightdm/lightdm-guest-session" pid=279 comm="apparmor_parser"
Jul 31 15:57:01 debian kernel: ACPI: AC: AC Adapter [AC] (on-line)
Jul 31 15:57:01 debian kernel: audit: type=1400 audit(1722455821.148:5): apparmor="STATUS" operation="profile_load" profile="unconfined" name="/usr/lib/x86_64-linux-gnu/lightdm/lightdm-guest-session" pid=279 comm="apparmor_parser"
Jul 31 15:57:01 debian systemd[1]: Activating swap dev-disk-by\x2duuid-a16246c5\x2d44fe\x2d4bf1\x2d99e3\x2db05e4df433ca.swap - /dev/disk/by-uuid/a16246c5-44fe-4bf1-99e3-b05e4df433ca...
Jul 31 15:57:01 debian kernel: Adding 998396k swap on /dev/sda5.  Priority:-2 extents:1 across:998396k FS
Jul 31 15:57:01 debian audit[279]: AVC apparmor="STATUS" operation="profile_load" profile="unconfined" name="/usr/lib/x86_64-linux-gnu/lightdm/lightdm-guest-session//chromium" pid=279 comm="apparmor_parser"
Jul 31 15:57:01 debian kernel: audit: type=1400 audit(1722455821.356:6): apparmor="STATUS" operation="profile_load" profile="unconfined" name="/usr/lib/x86_64-linux-gnu/lightdm/lightdm-guest-session//chromium" pid=279 comm="apparmor_parser"
Jul 31 15:57:01 debian systemd[1]: Activated swap dev-disk-by\x2duuid-a16246c5\x2d44fe\x2d4bf1\x2d99e3\x2db05e4df433ca.swap - /dev/disk/by-uuid/a16246c5-44fe-4bf1-99e3-b05e4df433ca.
Jul 31 15:57:01 debian kernel: input: PC Speaker as /devices/platform/pcspkr/input/input9
Jul 31 15:57:01 debian systemd[1]: Reached target swap.target - Swaps.
Jul 31 15:57:01 debian kernel: vboxguest: host-version: 7.0.18r162988 0x8000000f
Jul 31 15:57:01 debian kernel: vbg_heartbeat_init: Setting up heartbeat to trigger every 2000 milliseconds
Jul 31 15:57:01 debian kernel: input: VirtualBox mouse integration as /devices/pci0000:00/0000:00:04.0/input/input10
Jul 31 15:57:01 debian kernel: RAPL PMU: API unit is 2^-32 Joules, 0 fixed counters, 10737418240 ms ovfl timer
Jul 31 15:57:01 debian kernel: cryptd: max_cpu_qlen set to 1000
Jul 31 15:57:02 debian kernel: SSE version of gcm_enc/dec engaged.
Jul 31 15:57:02 debian audit[320]: AVC apparmor="STATUS" operation="profile_load" profile="unconfined" name="/usr/bin/man" pid=320 comm="apparmor_parser"
Jul 31 15:57:02 debian audit[320]: AVC apparmor="STATUS" operation="profile_load" profile="unconfined" name="man_filter" pid=320 comm="apparmor_parser"
Jul 31 15:57:02 debian kernel: audit: type=1400 audit(1722455822.168:7): apparmor="STATUS" operation="profile_load" profile="unconfined" name="/usr/bin/man" pid=320 comm="apparmor_parser"
Jul 31 15:57:02 debian kernel: audit: type=1400 audit(1722455822.168:8): apparmor="STATUS" operation="profile_load" profile="unconfined" name="man_filter" pid=320 comm="apparmor_parser"
Jul 31 15:57:02 debian audit[320]: AVC apparmor="STATUS" operation="profile_load" profile="unconfined" name="man_groff" pid=320 comm="apparmor_parser"
Jul 31 15:57:02 debian kernel: audit: type=1400 audit(1722455822.176:9): apparmor="STATUS" operation="profile_load" profile="unconfined" name="man_groff" pid=320 comm="apparmor_parser"
Jul 31 15:57:02 debian audit[360]: AVC apparmor="STATUS" operation="profile_load" profile="unconfined" name="libreoffice-oosplash" pid=360 comm="apparmor_parser"
Jul 31 15:57:02 debian kernel: audit: type=1400 audit(1722455822.236:10): apparmor="STATUS" operation="profile_load" profile="unconfined" name="libreoffice-oosplash" pid=360 comm="apparmor_parser"
Jul 31 15:57:02 debian audit[317]: AVC apparmor="STATUS" operation="profile_load" profile="unconfined" name="/usr/lib/NetworkManager/nm-dhcp-client.action" pid=317 comm="apparmor_parser"
Jul 31 15:57:02 debian kernel: audit: type=1400 audit(1722455822.328:11): apparmor="STATUS" operation="profile_load" profile="unconfined" name="/usr/lib/NetworkManager/nm-dhcp-client.action" pid=317 comm="apparmor_parser"
Jul 31 15:57:02 debian audit[372]: AVC apparmor="STATUS" operation="profile_load" profile="unconfined" name="libreoffice-senddoc" pid=372 comm="apparmor_parser"
Jul 31 15:57:02 debian audit[317]: AVC apparmor="STATUS" operation="profile_load" profile="unconfined" name="/usr/lib/NetworkManager/nm-dhcp-helper" pid=317 comm="apparmor_parser"
Jul 31 15:57:02 debian audit[317]: AVC apparmor="STATUS" operation="profile_load" profile="unconfined" name="/usr/lib/connman/scripts/dhclient-script" pid=317 comm="apparmor_parser"
Jul 31 15:57:02 debian kernel: snd_intel8x0 0000:00:05.0: allow list rate for 1028:0177 is 48000
Jul 31 15:57:02 debian audit[317]: AVC apparmor="STATUS" operation="profile_load" profile="unconfined" name="/{,usr/}sbin/dhclient" pid=317 comm="apparmor_parser"
Jul 31 15:57:02 debian audit[395]: AVC apparmor="STATUS" operation="profile_load" profile="unconfined" name="libreoffice-xpdfimport" pid=395 comm="apparmor_parser"
Jul 31 15:57:02 debian systemd[1]: systemd-ask-password-console.path - Dispatch Password Requests to Console Directory Watch was skipped because of an unmet condition check (ConditionPathExists=!/run/plymouth/pid).
Jul 31 15:57:02 debian audit[414]: AVC apparmor="STATUS" operation="profile_load" profile="unconfined" name="/usr/sbin/cups-browsed" pid=414 comm="apparmor_parser"
Jul 31 15:57:03 debian systemd[1]: Starting modprobe@dm_mod.service - Load Kernel Module dm_mod...
Jul 31 15:57:03 debian systemd[1]: Starting modprobe@efi_pstore.service - Load Kernel Module efi_pstore...
Jul 31 15:57:03 debian systemd[1]: Starting modprobe@loop.service - Load Kernel Module loop...
Jul 31 15:57:03 debian systemd[1]: systemd-firstboot.service - First Boot Wizard was skipped because of an unmet condition check (ConditionFirstBoot=yes).
Jul 31 15:57:03 debian systemd[1]: first-boot-complete.target - First Boot Complete was skipped because of an unmet condition check (ConditionFirstBoot=yes).
Jul 31 15:57:03 debian systemd[1]: systemd-machine-id-commit.service - Commit a transient machine-id on disk was skipped because of an unmet condition check (ConditionPathIsMountPoint=/etc/machine-id).
Jul 31 15:57:03 debian systemd[1]: Starting systemd-udev-settle.service - Wait for udev To Complete Device Initialization...
Jul 31 15:57:03 debian systemd[1]: modprobe@dm_mod.service: Deactivated successfully.
Jul 31 15:57:03 debian systemd[1]: Finished modprobe@dm_mod.service - Load Kernel Module dm_mod.
Jul 31 15:57:03 debian systemd[1]: modprobe@loop.service: Deactivated successfully.
Jul 31 15:57:03 debian systemd[1]: Finished modprobe@loop.service - Load Kernel Module loop.
Jul 31 15:57:03 debian systemd[1]: systemd-repart.service - Repartition Root Disk was skipped because no trigger condition checks were met.
Jul 31 15:57:03 debian systemd[1]: modprobe@efi_pstore.service: Deactivated successfully.
Jul 31 15:57:03 debian systemd[1]: Finished modprobe@efi_pstore.service - Load Kernel Module efi_pstore.
Jul 31 15:57:03 debian systemd[1]: systemd-pstore.service - Platform Persistent Storage Archival was skipped because of an unmet condition check (ConditionDirectoryNotEmpty=/sys/fs/pstore).
Jul 31 15:57:03 debian udevadm[433]: systemd-udev-settle.service is deprecated. Please fix espeakup.service not to pull it in.
Jul 31 15:57:03 debian audit[435]: AVC apparmor="STATUS" operation="profile_load" profile="unconfined" name="/usr/lib/cups/backend/cups-pdf" pid=435 comm="apparmor_parser"
Jul 31 15:57:03 debian audit[435]: AVC apparmor="STATUS" operation="profile_load" profile="unconfined" name="/usr/sbin/cupsd" pid=435 comm="apparmor_parser"
Jul 31 15:57:03 debian audit[435]: AVC apparmor="STATUS" operation="profile_load" profile="unconfined" name="/usr/sbin/cupsd//third_party" pid=435 comm="apparmor_parser"
Jul 31 15:57:06 debian systemd[1]: Finished systemd-udev-settle.service - Wait for udev To Complete Device Initialization.
Jul 31 15:57:10 debian audit[390]: AVC apparmor="STATUS" operation="profile_load" profile="unconfined" name="libreoffice-soffice" pid=390 comm="apparmor_parser"
Jul 31 15:57:10 debian kernel: kauditd_printk_skb: 9 callbacks suppressed
Jul 31 15:57:10 debian kernel: audit: type=1400 audit(1722455830.092:21): apparmor="STATUS" operation="profile_load" profile="unconfined" name="libreoffice-soffice" pid=390 comm="apparmor_parser"
Jul 31 15:57:10 debian kernel: audit: type=1400 audit(1722455830.932:22): apparmor="STATUS" operation="profile_load" profile="unconfined" name="libreoffice-soffice//gpg" pid=390 comm="apparmor_parser"
Jul 31 15:57:10 debian audit[390]: AVC apparmor="STATUS" operation="profile_load" profile="unconfined" name="libreoffice-soffice//gpg" pid=390 comm="apparmor_parser"
Jul 31 15:57:10 debian systemd[1]: Finished apparmor.service - Load AppArmor profiles.
Jul 31 15:57:10 debian systemd[1]: Reached target sysinit.target - System Initialization.
Jul 31 15:57:10 debian systemd[1]: Started cups.path - CUPS Scheduler.
Jul 31 15:57:10 debian systemd[1]: Started anacron.timer - Trigger anacron every hour.
Jul 31 15:57:10 debian systemd[1]: Started apt-daily.timer - Daily apt download activities.
Jul 31 15:57:10 debian systemd[1]: Started apt-daily-upgrade.timer - Daily apt upgrade and clean activities.
Jul 31 15:57:10 debian systemd[1]: Started dpkg-db-backup.timer - Daily dpkg database backup timer.
Jul 31 15:57:10 debian systemd[1]: Started e2scrub_all.timer - Periodic ext4 Online Metadata Check for All Filesystems.
Jul 31 15:57:10 debian systemd[1]: Started fstrim.timer - Discard unused blocks once a week.
Jul 31 15:57:10 debian systemd[1]: Started logrotate.timer - Daily rotation of log files.
Jul 31 15:57:10 debian systemd[1]: Started man-db.timer - Daily man-db regeneration.
Jul 31 15:57:10 debian systemd[1]: Started systemd-tmpfiles-clean.timer - Daily Cleanup of Temporary Directories.
Jul 31 15:57:10 debian systemd[1]: Reached target paths.target - Path Units.
Jul 31 15:57:10 debian systemd[1]: Reached target timers.target - Timer Units.
Jul 31 15:57:10 debian systemd[1]: Listening on avahi-daemon.socket - Avahi mDNS/DNS-SD Stack Activation Socket.
Jul 31 15:57:10 debian systemd[1]: Listening on cups.socket - CUPS Scheduler.
Jul 31 15:57:10 debian systemd[1]: Listening on dbus.socket - D-Bus System Message Bus Socket.
Jul 31 15:57:10 debian systemd[1]: Reached target sockets.target - Socket Units.
Jul 31 15:57:10 debian systemd[1]: Starting networking.service - Raise network interfaces...
Jul 31 15:57:10 debian systemd[1]: systemd-pcrphase-sysinit.service - TPM2 PCR Barrier (Initialization) was skipped because of an unmet condition check (ConditionPathExists=/sys/firmware/efi/efivars/StubPcrKernelImage-4a67b082-0a4c-41cf-b6c7-440b29bb8c4f).
Jul 31 15:57:10 debian systemd[1]: Reached target basic.target - Basic System.
Jul 31 15:57:10 debian systemd[1]: Starting accounts-daemon.service - Accounts Service...
Jul 31 15:57:10 debian systemd[1]: alsa-state.service - Manage Sound Card State (restore and store) was skipped because of an unmet condition check (ConditionPathExists=/etc/alsa/state-daemon.conf).
Jul 31 15:57:10 debian systemd[1]: Starting alsa-restore.service - Save/Restore Sound Card State...
Jul 31 15:57:10 debian systemd[1]: Started anacron.service - Run anacron jobs.
Jul 31 15:57:11 debian systemd[1]: Starting avahi-daemon.service - Avahi mDNS/DNS-SD Stack...
Jul 31 15:57:11 debian systemd[1]: Started cron.service - Regular background program processing daemon.
Jul 31 15:57:11 debian systemd[1]: Starting dbus.service - D-Bus System Message Bus...
Jul 31 15:57:11 debian systemd[1]: Starting e2scrub_reap.service - Remove Stale Online ext4 Metadata Check Snapshots...
Jul 31 15:57:11 debian systemd[1]: getty-static.service - getty on tty2-tty6 if dbus and logind are not available was skipped because of an unmet condition check (ConditionPathExists=!/usr/bin/dbus-daemon).
Jul 31 15:57:11 debian anacron[457]: Anacron 2.3 started on 2024-07-31
Jul 31 15:57:11 debian systemd[1]: Starting polkit.service - Authorization Manager...
Jul 31 15:57:11 debian anacron[457]: Will run job `cron.daily' in 5 min.
Jul 31 15:57:11 debian anacron[457]: Will run job `cron.weekly' in 10 min.
Jul 31 15:57:11 debian anacron[457]: Will run job `cron.monthly' in 15 min.
Jul 31 15:57:11 debian anacron[457]: Jobs will be executed sequentially
Jul 31 15:57:11 debian cron[459]: (CRON) INFO (pidfile fd = 3)
Jul 31 15:57:11 debian systemd[1]: Starting systemd-logind.service - User Login Management...
Jul 31 15:57:11 debian systemd[1]: systemd-pcrphase.service - TPM2 PCR Barrier (User) was skipped because of an unmet condition check (ConditionPathExists=/sys/firmware/efi/efivars/StubPcrKernelImage-4a67b082-0a4c-41cf-b6c7-440b29bb8c4f).
Jul 31 15:57:11 debian cron[459]: (CRON) INFO (Running @reboot jobs)
Jul 31 15:57:11 debian systemd[1]: Starting udisks2.service - Disk Manager...
Jul 31 15:57:11 debian polkitd[462]: Started polkitd version 122
Jul 31 15:57:11 debian alsactl[455]: alsa-lib main.c:1541:(snd_use_case_mgr_open) error: failed to import hw:0 use case configuration -2
Jul 31 15:57:11 debian avahi-daemon[458]: Found user 'avahi' (UID 104) and group 'avahi' (GID 112).
Jul 31 15:57:11 debian avahi-daemon[458]: Successfully dropped root privileges.
Jul 31 15:57:11 debian avahi-daemon[458]: avahi-daemon 0.8 starting up.
Jul 31 15:57:11 debian systemd[1]: Finished alsa-restore.service - Save/Restore Sound Card State.
Jul 31 15:57:11 debian systemd[1]: Reached target sound.target - Sound Card.
Jul 31 15:57:11 debian systemd[1]: Starting espeakup.service - Software speech output for Speakup...
Jul 31 15:57:11 debian systemd[1]: Started dbus.service - D-Bus System Message Bus.
Jul 31 15:57:11 debian avahi-daemon[458]: Successfully called chroot().
Jul 31 15:57:11 debian avahi-daemon[458]: Successfully dropped remaining capabilities.
Jul 31 15:57:11 debian avahi-daemon[458]: No service file found in /etc/avahi/services.
Jul 31 15:57:11 debian avahi-daemon[458]: Joining mDNS multicast group on interface lo.IPv6 with address ::1.
Jul 31 15:57:11 debian avahi-daemon[458]: New relevant interface lo.IPv6 for mDNS.
Jul 31 15:57:11 debian avahi-daemon[458]: Joining mDNS multicast group on interface lo.IPv4 with address 127.0.0.1.
Jul 31 15:57:11 debian avahi-daemon[458]: New relevant interface lo.IPv4 for mDNS.
Jul 31 15:57:11 debian avahi-daemon[458]: Network interface enumeration completed.
Jul 31 15:57:11 debian avahi-daemon[458]: Registering new address record for ::1 on lo.*.
Jul 31 15:57:11 debian avahi-daemon[458]: Registering new address record for 127.0.0.1 on lo.IPv4.
Jul 31 15:57:11 debian polkitd[462]: Loading rules from directory /etc/polkit-1/rules.d
Jul 31 15:57:11 debian polkitd[462]: Loading rules from directory /usr/share/polkit-1/rules.d
Jul 31 15:57:11 debian systemd[1]: Starting NetworkManager.service - Network Manager...
Jul 31 15:57:11 debian systemd[1]: Starting wpa_supplicant.service - WPA supplicant...
Jul 31 15:57:11 debian systemd[1]: Started avahi-daemon.service - Avahi mDNS/DNS-SD Stack.
Jul 31 15:57:11 debian udisksd[466]: udisks daemon version 2.9.4 starting
Jul 31 15:57:11 debian polkitd[462]: Finished loading, compiling and executing 5 rules
Jul 31 15:57:11 debian systemd[1]: Started polkit.service - Authorization Manager.
Jul 31 15:57:11 debian polkitd[462]: Acquired the name org.freedesktop.PolicyKit1 on the system bus
Jul 31 15:57:11 debian systemd[1]: Starting ModemManager.service - Modem Manager...
Jul 31 15:57:11 debian udisksd[466]: failed to load module mdraid: libbd_mdraid.so.2: cannot open shared object file: No such file or directory
Jul 31 15:57:11 debian udisksd[466]: Failed to load the 'mdraid' libblockdev plugin
Jul 31 15:57:11 debian ModemManager[490]: <info>  ModemManager (version 1.20.4) starting in system bus...
Jul 31 15:57:11 debian systemd-logind[463]: New seat seat0.
Jul 31 15:57:11 debian systemd-logind[463]: Watching system buttons on /dev/input/event1 (Power Button)
Jul 31 15:57:11 debian systemd-logind[463]: Watching system buttons on /dev/input/event2 (Sleep Button)
Jul 31 15:57:11 debian systemd-logind[463]: Watching system buttons on /dev/input/event0 (AT Translated Set 2 keyboard)
Jul 31 15:57:11 debian systemd[1]: Started systemd-logind.service - User Login Management.
Jul 31 15:57:12 debian systemd[1]: Started wpa_supplicant.service - WPA supplicant.
Jul 31 15:57:12 debian wpa_supplicant[476]: Successfully initialized wpa_supplicant
Jul 31 15:57:12 debian systemd[1]: Started espeakup.service - Software speech output for Speakup.
Jul 31 15:57:12 debian avahi-daemon[458]: Server startup complete. Host name is debian.local. Local service cookie is 3735712742.
Jul 31 15:57:12 debian NetworkManager[473]: <info>  [1722455832.3840] NetworkManager (version 1.42.4) is starting... (boot:4e41f59c-d7c2-4338-a59e-a44d16d13772)
Jul 31 15:57:12 debian NetworkManager[473]: <info>  [1722455832.3856] Read config: /etc/NetworkManager/NetworkManager.conf (lib: no-mac-addr-change.conf)
Jul 31 15:57:12 debian accounts-daemon[454]: started daemon version 22.08.8
Jul 31 15:57:12 debian systemd[1]: Started accounts-daemon.service - Accounts Service.
Jul 31 15:57:12 debian systemd[1]: Started NetworkManager.service - Network Manager.
Jul 31 15:57:12 debian NetworkManager[473]: <info>  [1722455832.4163] bus-manager: acquired D-Bus service "org.freedesktop.NetworkManager"
Jul 31 15:57:12 debian systemd[1]: Starting NetworkManager-wait-online.service - Network Manager Wait Online...
Jul 31 15:57:12 debian NetworkManager[473]: <info>  [1722455832.4505] manager[0x55eeff7a6000]: monitoring kernel firmware directory '/lib/firmware'.
Jul 31 15:57:12 debian NetworkManager[473]: <info>  [1722455832.4506] monitoring ifupdown state file '/run/network/ifstate'.
Jul 31 15:57:12 debian dbus-daemon[460]: [system] Activating via systemd: service name='org.freedesktop.hostname1' unit='dbus-org.freedesktop.hostname1.service' requested by ':1.9' (uid=0 pid=473 comm="/usr/sbin/NetworkManager --no-daemon")
Jul 31 15:57:12 debian systemd[1]: Starting systemd-hostnamed.service - Hostname Service...
Jul 31 15:57:12 debian systemd[1]: Finished networking.service - Raise network interfaces.
Jul 31 15:57:12 debian systemd[1]: Reached target network.target - Network.
Jul 31 15:57:12 debian systemd[1]: Starting cups.service - CUPS Scheduler...
Jul 31 15:57:12 debian systemd[1]: Starting systemd-user-sessions.service - Permit User Sessions...
Jul 31 15:57:12 debian systemd[1]: Started udisks2.service - Disk Manager.
Jul 31 15:57:12 debian systemd[1]: Finished systemd-user-sessions.service - Permit User Sessions.
Jul 31 15:57:12 debian udisksd[466]: Acquired the name org.freedesktop.UDisks2 on the system message bus
Jul 31 15:57:12 debian systemd[1]: Starting lightdm.service - Light Display Manager...
Jul 31 15:57:12 debian dbus-daemon[460]: [system] Successfully activated service 'org.freedesktop.hostname1'
Jul 31 15:57:12 debian audit[538]: AVC apparmor="DENIED" operation="capable" profile="/usr/sbin/cupsd" pid=538 comm="cupsd" capability=12  capname="net_admin"
Jul 31 15:57:12 debian kernel: audit: type=1400 audit(1722455832.840:23): apparmor="DENIED" operation="capable" profile="/usr/sbin/cupsd" pid=538 comm="cupsd" capability=12  capname="net_admin"
Jul 31 15:57:12 debian systemd[1]: Starting plymouth-quit-wait.service - Hold until boot process finishes up...
Jul 31 15:57:12 debian NetworkManager[473]: <info>  [1722455832.8531] hostname: hostname: using hostnamed
Jul 31 15:57:12 debian NetworkManager[473]: <info>  [1722455832.8531] hostname: static hostname changed from (none) to "debian"
Jul 31 15:57:12 debian systemd[1]: Started cups.service - CUPS Scheduler.
Jul 31 15:57:12 debian NetworkManager[473]: <info>  [1722455832.8599] dns-mgr: init: dns=default,systemd-resolved rc-manager=symlink (auto)
Jul 31 15:57:12 debian systemd[1]: Started systemd-hostnamed.service - Hostname Service.
Jul 31 15:57:12 debian systemd[1]: Listening on systemd-rfkill.socket - Load/Save RF Kill Switch Status /dev/rfkill Watch.
Jul 31 15:57:12 debian kernel: NET: Registered PF_QIPCRTR protocol family
Jul 31 15:57:12 debian systemd[1]: e2scrub_reap.service: Deactivated successfully.
Jul 31 15:57:12 debian systemd[1]: Finished e2scrub_reap.service - Remove Stale Online ext4 Metadata Check Snapshots.
Jul 31 15:57:12 debian systemd[1]: Started ModemManager.service - Modem Manager.
Jul 31 15:57:13 debian NetworkManager[473]: <info>  [1722455833.0216] manager[0x55eeff7a6000]: rfkill: Wi-Fi hardware radio set enabled
Jul 31 15:57:13 debian NetworkManager[473]: <info>  [1722455833.0217] manager[0x55eeff7a6000]: rfkill: WWAN hardware radio set enabled
Jul 31 15:57:13 debian NetworkManager[473]: <info>  [1722455833.1012] Loaded device plugin: NMWwanFactory (/usr/lib/x86_64-linux-gnu/NetworkManager/1.42.4/libnm-device-plugin-wwan.so)
Jul 31 15:57:13 debian NetworkManager[473]: <info>  [1722455833.1084] Loaded device plugin: NMAtmManager (/usr/lib/x86_64-linux-gnu/NetworkManager/1.42.4/libnm-device-plugin-adsl.so)
Jul 31 15:57:13 debian NetworkManager[473]: <info>  [1722455833.1205] Loaded device plugin: NMTeamFactory (/usr/lib/x86_64-linux-gnu/NetworkManager/1.42.4/libnm-device-plugin-team.so)
Jul 31 15:57:13 debian NetworkManager[473]: <info>  [1722455833.1317] Loaded device plugin: NMWifiFactory (/usr/lib/x86_64-linux-gnu/NetworkManager/1.42.4/libnm-device-plugin-wifi.so)
Jul 31 15:57:13 debian systemd[1]: Received SIGRTMIN+21 from PID 160 (plymouthd).
Jul 31 15:57:13 debian systemd[1]: Received SIGRTMIN+21 from PID 160 (plymouthd).
Jul 31 15:57:13 debian lightdm[546]: Could not enumerate user data directory /var/lib/lightdm/data: Error opening directory '/var/lib/lightdm/data': No such file or directory
Jul 31 15:57:13 debian systemd[1]: Started lightdm.service - Light Display Manager.
Jul 31 15:57:13 debian NetworkManager[473]: <info>  [1722455833.1719] Loaded device plugin: NMBluezManager (/usr/lib/x86_64-linux-gnu/NetworkManager/1.42.4/libnm-device-plugin-bluetooth.so)
Jul 31 15:57:13 debian systemd[1]: Finished plymouth-quit-wait.service - Hold until boot process finishes up.
Jul 31 15:57:13 debian NetworkManager[473]: <info>  [1722455833.1792] manager: rfkill: Wi-Fi enabled by radio killswitch; enabled by state file
Jul 31 15:57:13 debian NetworkManager[473]: <info>  [1722455833.1798] manager: rfkill: WWAN enabled by radio killswitch; enabled by state file
Jul 31 15:57:13 debian NetworkManager[473]: <info>  [1722455833.1800] manager: Networking is enabled by state file
Jul 31 15:57:13 debian dbus-daemon[460]: [system] Activating via systemd: service name='org.freedesktop.nm_dispatcher' unit='dbus-org.freedesktop.nm-dispatcher.service' requested by ':1.9' (uid=0 pid=473 comm="/usr/sbin/NetworkManager --no-daemon")
Jul 31 15:57:13 debian NetworkManager[473]: <info>  [1722455833.1871] settings: Loaded settings plugin: ifupdown ("/usr/lib/x86_64-linux-gnu/NetworkManager/1.42.4/libnm-settings-plugin-ifupdown.so")
Jul 31 15:57:13 debian NetworkManager[473]: <info>  [1722455833.1873] settings: Loaded settings plugin: keyfile (internal)
Jul 31 15:57:13 debian NetworkManager[473]: <info>  [1722455833.1874] ifupdown: management mode: unmanaged
Jul 31 15:57:13 debian NetworkManager[473]: <info>  [1722455833.1878] ifupdown:       interface-parser: parsing file /etc/network/interfaces
Jul 31 15:57:13 debian NetworkManager[473]: <info>  [1722455833.1878] ifupdown:       interface-parser: source line includes interfaces file(s) /etc/network/interfaces.d/*
Jul 31 15:57:13 debian NetworkManager[473]: <info>  [1722455833.1879] ifupdown: interfaces file /etc/network/interfaces.d/* doesn't exist
Jul 31 15:57:13 debian NetworkManager[473]: <info>  [1722455833.1880] ifupdown:       interface-parser: finished parsing file /etc/network/interfaces
Jul 31 15:57:13 debian systemd[1]: Started getty@tty1.service - Getty on tty1.
Jul 31 15:57:13 debian systemd[1]: Reached target getty.target - Login Prompts.
Jul 31 15:57:13 debian NetworkManager[473]: <info>  [1722455833.2190] dhcp: init: Using DHCP client 'internal'
Jul 31 15:57:13 debian NetworkManager[473]: <info>  [1722455833.2220] manager: (lo): new Loopback device (/org/freedesktop/NetworkManager/Devices/1)
Jul 31 15:57:13 debian NetworkManager[473]: <info>  [1722455833.2343] device (lo): state change: unmanaged -> unavailable (reason 'connection-assumed', sys-iface-state: 'external')
Jul 31 15:57:13 debian NetworkManager[473]: <info>  [1722455833.2378] device (lo): state change: unavailable -> disconnected (reason 'connection-assumed', sys-iface-state: 'external')
Jul 31 15:57:13 debian systemd[1]: Starting NetworkManager-dispatcher.service - Network Manager Script Dispatcher Service...
Jul 31 15:57:13 debian NetworkManager[473]: <info>  [1722455833.2458] device (lo): Activation: starting connection 'lo' (0dfb4212-353e-4629-8250-11f7896c1d57)
Jul 31 15:57:13 debian NetworkManager[473]: <info>  [1722455833.2509] manager: (enp0s3): new Ethernet device (/org/freedesktop/NetworkManager/Devices/2)
Jul 31 15:57:13 debian NetworkManager[473]: <info>  [1722455833.2523] device (enp0s3): state change: unmanaged -> unavailable (reason 'managed', sys-iface-state: 'external')
Jul 31 15:57:13 debian kernel: e1000: enp0s3 NIC Link is Up 1000 Mbps Full Duplex, Flow Control: RX
Jul 31 15:57:13 debian kernel: IPv6: ADDRCONF(NETDEV_CHANGE): enp0s3: link becomes ready
Jul 31 15:57:13 debian dbus-daemon[460]: [system] Successfully activated service 'org.freedesktop.nm_dispatcher'
Jul 31 15:57:13 debian systemd[1]: Started NetworkManager-dispatcher.service - Network Manager Script Dispatcher Service.
Jul 31 15:57:13 debian NetworkManager[473]: <info>  [1722455833.3604] device (lo): state change: disconnected -> prepare (reason 'none', sys-iface-state: 'external')
Jul 31 15:57:13 debian NetworkManager[473]: <info>  [1722455833.3613] device (lo): state change: prepare -> config (reason 'none', sys-iface-state: 'external')
Jul 31 15:57:13 debian NetworkManager[473]: <info>  [1722455833.3624] device (lo): state change: config -> ip-config (reason 'none', sys-iface-state: 'external')
Jul 31 15:57:13 debian NetworkManager[473]: <info>  [1722455833.3629] device (enp0s3): carrier: link connected
Jul 31 15:57:13 debian NetworkManager[473]: <info>  [1722455833.3659] device (lo): state change: ip-config -> ip-check (reason 'none', sys-iface-state: 'external')
Jul 31 15:57:13 debian NetworkManager[473]: <info>  [1722455833.3671] device (enp0s3): state change: unavailable -> disconnected (reason 'carrier-changed', sys-iface-state: 'managed')
Jul 31 15:57:13 debian NetworkManager[473]: <info>  [1722455833.3992] modem-manager: ModemManager available
Jul 31 15:57:13 debian NetworkManager[473]: <info>  [1722455833.3995] policy: auto-activating connection 'Wired connection 1' (01fd2e06-d72b-466e-b879-b68fa0126e48)
Jul 31 15:57:13 debian NetworkManager[473]: <info>  [1722455833.3997] device (lo): state change: ip-check -> secondaries (reason 'none', sys-iface-state: 'external')
Jul 31 15:57:13 debian NetworkManager[473]: <info>  [1722455833.4002] device (enp0s3): Activation: starting connection 'Wired connection 1' (01fd2e06-d72b-466e-b879-b68fa0126e48)
Jul 31 15:57:13 debian NetworkManager[473]: <info>  [1722455833.4002] device (lo): state change: secondaries -> activated (reason 'none', sys-iface-state: 'external')
Jul 31 15:57:13 debian NetworkManager[473]: <info>  [1722455833.4010] device (lo): Activation: successful, device activated.
Jul 31 15:57:13 debian NetworkManager[473]: <info>  [1722455833.4017] device (enp0s3): state change: disconnected -> prepare (reason 'none', sys-iface-state: 'managed')
Jul 31 15:57:13 debian NetworkManager[473]: <info>  [1722455833.4023] manager: NetworkManager state is now CONNECTING
Jul 31 15:57:13 debian NetworkManager[473]: <info>  [1722455833.4030] device (enp0s3): state change: prepare -> config (reason 'none', sys-iface-state: 'managed')
Jul 31 15:57:13 debian NetworkManager[473]: <info>  [1722455833.4169] device (enp0s3): state change: config -> ip-config (reason 'none', sys-iface-state: 'managed')
Jul 31 15:57:13 debian NetworkManager[473]: <info>  [1722455833.4483] dhcp4 (enp0s3): activation: beginning transaction (timeout in 45 seconds)
Jul 31 15:57:13 debian avahi-daemon[458]: Joining mDNS multicast group on interface enp0s3.IPv6 with address fe80::a00:27ff:fed1:65c7.
Jul 31 15:57:13 debian avahi-daemon[458]: New relevant interface enp0s3.IPv6 for mDNS.
Jul 31 15:57:13 debian avahi-daemon[458]: Registering new address record for fe80::a00:27ff:fed1:65c7 on enp0s3.*.
Jul 31 15:57:13 debian NetworkManager[473]: <info>  [1722455833.5143] dhcp4 (enp0s3): state changed new lease, address=10.0.2.15
Jul 31 15:57:13 debian NetworkManager[473]: <info>  [1722455833.5152] policy: set 'Wired connection 1' (enp0s3) as default for IPv4 routing and DNS
Jul 31 15:57:13 debian avahi-daemon[458]: Joining mDNS multicast group on interface enp0s3.IPv4 with address 10.0.2.15.
Jul 31 15:57:13 debian NetworkManager[473]: <info>  [1722455833.5562] device (enp0s3): state change: ip-config -> ip-check (reason 'none', sys-iface-state: 'managed')
Jul 31 15:57:13 debian avahi-daemon[458]: New relevant interface enp0s3.IPv4 for mDNS.
Jul 31 15:57:13 debian avahi-daemon[458]: Registering new address record for 10.0.2.15 on enp0s3.IPv4.
Jul 31 15:57:13 debian NetworkManager[473]: <info>  [1722455833.5669] device (enp0s3): state change: ip-check -> secondaries (reason 'none', sys-iface-state: 'managed')
Jul 31 15:57:13 debian NetworkManager[473]: <info>  [1722455833.5673] device (enp0s3): state change: secondaries -> activated (reason 'none', sys-iface-state: 'managed')
Jul 31 15:57:13 debian NetworkManager[473]: <info>  [1722455833.5677] manager: NetworkManager state is now CONNECTED_SITE
Jul 31 15:57:13 debian NetworkManager[473]: <info>  [1722455833.5732] device (enp0s3): Activation: successful, device activated.
Jul 31 15:57:13 debian NetworkManager[473]: <info>  [1722455833.5750] manager: NetworkManager state is now CONNECTED_GLOBAL
Jul 31 15:57:13 debian NetworkManager[473]: <info>  [1722455833.5792] manager: startup complete
Jul 31 15:57:13 debian systemd[1]: Finished NetworkManager-wait-online.service - Network Manager Wait Online.
Jul 31 15:57:13 debian systemd[1]: Reached target network-online.target - Network is Online.
Jul 31 15:57:13 debian systemd[1]: Started cups-browsed.service - Make remote CUPS printers available locally.
Jul 31 15:57:13 debian systemd[1]: Reached target multi-user.target - Multi-User System.
Jul 31 15:57:13 debian systemd[1]: Reached target graphical.target - Graphical Interface.
Jul 31 15:57:13 debian systemd[1]: Starting systemd-update-utmp-runlevel.service - Record Runlevel Change in UTMP...
Jul 31 15:57:13 debian systemd[1]: systemd-update-utmp-runlevel.service: Deactivated successfully.
Jul 31 15:57:13 debian systemd[1]: Finished systemd-update-utmp-runlevel.service - Record Runlevel Change in UTMP.
Jul 31 15:57:13 debian systemd[1]: Startup finished in 8.337s (kernel) + 15.423s (userspace) = 23.760s.
Jul 31 15:57:15 debian ModemManager[490]: <info>  [base-manager] couldn't check support for device '/sys/devices/pci0000:00/0000:00:03.0': not supported by any plugin
Jul 31 15:57:16 debian lightdm[609]: pam_unix(lightdm-greeter:session): session opened for user lightdm(uid=108) by (uid=0)
Jul 31 15:57:16 debian systemd[1]: Created slice user-108.slice - User Slice of UID 108.
Jul 31 15:57:16 debian systemd[1]: Starting user-runtime-dir@108.service - User Runtime Directory /run/user/108...
Jul 31 15:57:16 debian systemd-logind[463]: New session c1 of user lightdm.
Jul 31 15:57:16 debian systemd[1]: Finished user-runtime-dir@108.service - User Runtime Directory /run/user/108.
Jul 31 15:57:16 debian systemd[1]: Starting user@108.service - User Manager for UID 108...
Jul 31 15:57:16 debian (systemd)[613]: pam_unix(systemd-user:session): session opened for user lightdm(uid=108) by (uid=0)
Jul 31 15:57:17 debian systemd[613]: Queued start job for default target default.target.
Jul 31 15:57:17 debian systemd[613]: Created slice app.slice - User Application Slice.
Jul 31 15:57:17 debian systemd[613]: Created slice session.slice - User Core Session Slice.
Jul 31 15:57:17 debian systemd[613]: Reached target paths.target - Paths.
Jul 31 15:57:17 debian systemd[613]: Reached target timers.target - Timers.
Jul 31 15:57:17 debian systemd[613]: Starting dbus.socket - D-Bus User Message Bus Socket...
Jul 31 15:57:17 debian systemd[613]: Listening on dirmngr.socket - GnuPG network certificate management daemon.
Jul 31 15:57:17 debian systemd[613]: Listening on gcr-ssh-agent.socket - GCR ssh-agent wrapper.
Jul 31 15:57:17 debian systemd[613]: Listening on gnome-keyring-daemon.socket - GNOME Keyring daemon.
Jul 31 15:57:17 debian systemd[613]: Listening on gpg-agent-browser.socket - GnuPG cryptographic agent and passphrase cache (access for web browsers).
Jul 31 15:57:17 debian systemd[613]: Listening on gpg-agent-extra.socket - GnuPG cryptographic agent and passphrase cache (restricted).
Jul 31 15:57:17 debian systemd[613]: Listening on gpg-agent-ssh.socket - GnuPG cryptographic agent (ssh-agent emulation).
Jul 31 15:57:17 debian systemd[613]: Listening on gpg-agent.socket - GnuPG cryptographic agent and passphrase cache.
Jul 31 15:57:17 debian systemd[613]: Listening on pulseaudio.socket - Sound System.
Jul 31 15:57:17 debian systemd[613]: Listening on dbus.socket - D-Bus User Message Bus Socket.
Jul 31 15:57:17 debian systemd[613]: Reached target sockets.target - Sockets.
Jul 31 15:57:17 debian systemd[613]: Reached target basic.target - Basic System.
Jul 31 15:57:17 debian systemd[1]: Started user@108.service - User Manager for UID 108.
Jul 31 15:57:17 debian systemd[1]: Started session-c1.scope - Session c1 of User lightdm.
Jul 31 15:57:17 debian systemd[613]: Starting pulseaudio.service - Sound Service...
Jul 31 15:57:17 debian dbus-daemon[460]: [system] Activating via systemd: service name='org.freedesktop.RealtimeKit1' unit='rtkit-daemon.service' requested by ':1.22' (uid=108 pid=629 comm="/usr/bin/pulseaudio --daemonize=no --log-target=jo")
Jul 31 15:57:17 debian systemd[1]: Starting rtkit-daemon.service - RealtimeKit Scheduling Policy Service...
Jul 31 15:57:17 debian dbus-daemon[460]: [system] Successfully activated service 'org.freedesktop.RealtimeKit1'
Jul 31 15:57:17 debian systemd[1]: Started rtkit-daemon.service - RealtimeKit Scheduling Policy Service.
Jul 31 15:57:17 debian rtkit-daemon[632]: Successfully called chroot.
Jul 31 15:57:17 debian rtkit-daemon[632]: Successfully dropped privileges.
Jul 31 15:57:17 debian rtkit-daemon[632]: Successfully limited resources.
Jul 31 15:57:17 debian rtkit-daemon[632]: Running.
Jul 31 15:57:17 debian rtkit-daemon[632]: Canary thread running.
Jul 31 15:57:17 debian rtkit-daemon[632]: Watchdog thread running.
Jul 31 15:57:18 debian rtkit-daemon[632]: Successfully made thread 629 of process 629 owned by '108' high priority at nice level -11.
Jul 31 15:57:18 debian rtkit-daemon[632]: Supervising 1 threads of 1 processes of 1 users.
Jul 31 15:57:18 debian systemd[613]: Starting dbus.service - D-Bus User Message Bus...
Jul 31 15:57:18 debian systemd[613]: Started dbus.service - D-Bus User Message Bus.
Jul 31 15:57:18 debian pulseaudio[629]: The decibel volume range for element 'Center' (-4650 dB - -2400 dB) has negative maximum. Disabling the decibel range.
Jul 31 15:57:18 debian pulseaudio[629]: The decibel volume range for element 'LFE' (-4650 dB - -2400 dB) has negative maximum. Disabling the decibel range.
Jul 31 15:57:18 debian pulseaudio[629]: The decibel volume range for element 'Center' (-4650 dB - -2400 dB) has negative maximum. Disabling the decibel range.
Jul 31 15:57:18 debian pulseaudio[629]: The decibel volume range for element 'LFE' (-4650 dB - -2400 dB) has negative maximum. Disabling the decibel range.
Jul 31 15:57:18 debian pulseaudio[629]: The decibel volume range for element 'Center' (-4650 dB - -2400 dB) has negative maximum. Disabling the decibel range.
Jul 31 15:57:18 debian pulseaudio[629]: The decibel volume range for element 'LFE' (-4650 dB - -2400 dB) has negative maximum. Disabling the decibel range.
Jul 31 15:57:18 debian pulseaudio[629]: The decibel volume range for element 'Center' (-4650 dB - -2400 dB) has negative maximum. Disabling the decibel range.
Jul 31 15:57:18 debian pulseaudio[629]: The decibel volume range for element 'LFE' (-4650 dB - -2400 dB) has negative maximum. Disabling the decibel range.
Jul 31 15:57:18 debian pulseaudio[629]: The decibel volume range for element 'Center' (-4650 dB - -2400 dB) has negative maximum. Disabling the decibel range.
Jul 31 15:57:18 debian pulseaudio[629]: The decibel volume range for element 'LFE' (-4650 dB - -2400 dB) has negative maximum. Disabling the decibel range.
Jul 31 15:57:18 debian dbus-daemon[639]: [session uid=108 pid=639] Activating via systemd: service name='org.a11y.Bus' unit='at-spi-dbus-bus.service' requested by ':1.2' (uid=108 pid=630 comm="/usr/sbin/lightdm-gtk-greeter")
Jul 31 15:57:18 debian systemd[613]: Starting at-spi-dbus-bus.service - Accessibility services bus...
Jul 31 15:57:18 debian dbus-daemon[639]: [session uid=108 pid=639] Successfully activated service 'org.a11y.Bus'
Jul 31 15:57:18 debian systemd[613]: Started at-spi-dbus-bus.service - Accessibility services bus.
Jul 31 15:57:18 debian dbus-daemon[639]: [session uid=108 pid=639] Activating via systemd: service name='org.gtk.vfs.Daemon' unit='gvfs-daemon.service' requested by ':1.4' (uid=108 pid=630 comm="/usr/sbin/lightdm-gtk-greeter")
Jul 31 15:57:18 debian systemd[613]: Starting gvfs-daemon.service - Virtual filesystem service...
Jul 31 15:57:18 debian pulseaudio[629]: Disabling timer-based scheduling because running inside a VM.
Jul 31 15:57:18 debian rtkit-daemon[632]: Supervising 1 threads of 1 processes of 1 users.
Jul 31 15:57:18 debian rtkit-daemon[632]: Successfully made thread 652 of process 629 owned by '108' RT at priority 5.
Jul 31 15:57:18 debian rtkit-daemon[632]: Supervising 2 threads of 1 processes of 1 users.
Jul 31 15:57:18 debian pulseaudio[629]: Disabling timer-based scheduling because running inside a VM.
Jul 31 15:57:18 debian rtkit-daemon[632]: Supervising 2 threads of 1 processes of 1 users.
Jul 31 15:57:18 debian rtkit-daemon[632]: Successfully made thread 656 of process 629 owned by '108' RT at priority 5.
Jul 31 15:57:18 debian rtkit-daemon[632]: Supervising 3 threads of 1 processes of 1 users.
Jul 31 15:57:18 debian dbus-daemon[639]: [session uid=108 pid=639] Successfully activated service 'org.gtk.vfs.Daemon'
Jul 31 15:57:18 debian pulseaudio[629]: Failed to open cookie file '/var/lib/lightdm/.config/pulse/cookie': No such file or directory
Jul 31 15:57:18 debian pulseaudio[629]: Failed to load authentication key '/var/lib/lightdm/.config/pulse/cookie': No such file or directory
Jul 31 15:57:18 debian pulseaudio[629]: Failed to open cookie file '/var/lib/lightdm/.pulse-cookie': No such file or directory
Jul 31 15:57:18 debian pulseaudio[629]: Failed to load authentication key '/var/lib/lightdm/.pulse-cookie': No such file or directory
Jul 31 15:57:18 debian systemd[613]: Started gvfs-daemon.service - Virtual filesystem service.
Jul 31 15:57:19 debian systemd[613]: Started pulseaudio.service - Sound Service.
Jul 31 15:57:19 debian systemd[613]: Reached target default.target - Main User Target.
Jul 31 15:57:19 debian systemd[613]: Startup finished in 2.194s.
Jul 31 15:57:19 debian at-spi-bus-launcher[646]: dbus-daemon[646]: Activating service name='org.a11y.atspi.Registry' requested by ':1.1' (uid=108 pid=631 comm="/usr/bin/python3 /usr/bin/orca --replace --no-setu")
Jul 31 15:57:19 debian at-spi-bus-launcher[646]: dbus-daemon[646]: Successfully activated service 'org.a11y.atspi.Registry'
Jul 31 15:57:19 debian at-spi-bus-launcher[691]: SpiRegistry daemon is running with well-known name - org.a11y.atspi.Registry
Jul 31 15:57:24 debian systemd[1]: NetworkManager-dispatcher.service: Deactivated successfully.
Jul 31 15:57:24 debian dbus-daemon[639]: [session uid=108 pid=639] Activating via systemd: service name='ca.desrt.dconf' unit='dconf.service' requested by ':1.3' (uid=108 pid=640 comm="/usr/libexec/at-spi-bus-launcher")
Jul 31 15:57:24 debian systemd[613]: Starting dconf.service - User preferences database...
Jul 31 15:57:24 debian dbus-daemon[639]: [session uid=108 pid=639] Successfully activated service 'ca.desrt.dconf'
Jul 31 15:57:24 debian systemd[613]: Started dconf.service - User preferences database.
Jul 31 15:57:26 debian pulseaudio[629]: ALSA woke us up to write new data to the device, but there was actually nothing to write.
Jul 31 15:57:26 debian pulseaudio[629]: Most likely this is a bug in the ALSA driver 'snd_intel8x0'. Please report this issue to the ALSA developers.
Jul 31 15:57:26 debian pulseaudio[629]: We were woken up with POLLOUT set -- however a subsequent snd_pcm_avail() returned 0 or another value < min_avail.
Jul 31 15:57:30 debian lightdm[752]: gkr-pam: unable to locate daemon control file
Jul 31 15:57:30 debian lightdm[752]: gkr-pam: stashed password to try later in open session
Jul 31 15:57:30 debian systemd[1]: Stopping session-c1.scope - Session c1 of User lightdm...
Jul 31 15:57:30 debian lightdm[609]: pam_unix(lightdm-greeter:session): session closed for user lightdm
Jul 31 15:57:30 debian lightdm[752]: pam_unix(lightdm:session): session opened for user debian(uid=1000) by (uid=0)
Jul 31 15:57:30 debian systemd[1]: Created slice user-1000.slice - User Slice of UID 1000.
Jul 31 15:57:30 debian systemd[1]: Starting user-runtime-dir@1000.service - User Runtime Directory /run/user/1000...
Jul 31 15:57:30 debian systemd-logind[463]: New session 2 of user debian.
Jul 31 15:57:30 debian systemd[1]: Finished user-runtime-dir@1000.service - User Runtime Directory /run/user/1000.
Jul 31 15:57:30 debian systemd[1]: Starting user@1000.service - User Manager for UID 1000...
Jul 31 15:57:30 debian (systemd)[768]: pam_unix(systemd-user:session): session opened for user debian(uid=1000) by (uid=0)
Jul 31 15:57:30 debian systemd-timesyncd[276]: Contacted time server 185.157.229.254:123 (2.debian.pool.ntp.org).
Jul 31 15:57:30 debian systemd-journald[232]: Time jumped backwards, rotating.
Jul 31 15:57:30 debian systemd-timesyncd[276]: Initial clock synchronization to Wed 2024-07-31 15:57:30.564349 EDT.
Jul 31 15:57:30 debian systemd[768]: Queued start job for default target default.target.
Jul 31 15:57:30 debian systemd[768]: Created slice app.slice - User Application Slice.
Jul 31 15:57:30 debian systemd[768]: Created slice session.slice - User Core Session Slice.
Jul 31 15:57:30 debian systemd[768]: Reached target paths.target - Paths.
Jul 31 15:57:30 debian systemd[768]: Reached target timers.target - Timers.
Jul 31 15:57:30 debian systemd[768]: Starting dbus.socket - D-Bus User Message Bus Socket...
Jul 31 15:57:30 debian systemd[768]: Listening on dirmngr.socket - GnuPG network certificate management daemon.
Jul 31 15:57:30 debian systemd[768]: Listening on gcr-ssh-agent.socket - GCR ssh-agent wrapper.
Jul 31 15:57:30 debian systemd[768]: Listening on gnome-keyring-daemon.socket - GNOME Keyring daemon.
Jul 31 15:57:30 debian systemd[768]: Listening on gpg-agent-browser.socket - GnuPG cryptographic agent and passphrase cache (access for web browsers).
Jul 31 15:57:30 debian systemd[768]: Listening on gpg-agent-extra.socket - GnuPG cryptographic agent and passphrase cache (restricted).
Jul 31 15:57:30 debian systemd[768]: Listening on gpg-agent-ssh.socket - GnuPG cryptographic agent (ssh-agent emulation).
Jul 31 15:57:30 debian systemd[768]: Listening on gpg-agent.socket - GnuPG cryptographic agent and passphrase cache.
Jul 31 15:57:30 debian systemd[768]: Listening on pulseaudio.socket - Sound System.
Jul 31 15:57:30 debian systemd[768]: Listening on dbus.socket - D-Bus User Message Bus Socket.
Jul 31 15:57:30 debian systemd[768]: Reached target sockets.target - Sockets.
Jul 31 15:57:30 debian systemd[768]: Reached target basic.target - Basic System.
Jul 31 15:57:30 debian systemd[1]: Started user@1000.service - User Manager for UID 1000.
Jul 31 15:57:30 debian systemd[1]: Started session-2.scope - Session 2 of User debian.
Jul 31 15:57:30 debian systemd[768]: Starting pulseaudio.service - Sound Service...
Jul 31 15:57:30 debian rtkit-daemon[632]: Successfully made thread 785 of process 785 owned by '1000' high priority at nice level -11.
Jul 31 15:57:30 debian systemd[768]: Started gnome-keyring-daemon.service - GNOME Keyring daemon.
Jul 31 15:57:30 debian rtkit-daemon[632]: Supervising 4 threads of 2 processes of 2 users.
Jul 31 15:57:30 debian systemd[768]: Starting dbus.service - D-Bus User Message Bus...
Jul 31 15:57:30 debian gnome-keyring-daemon[789]: GNOME_KEYRING_CONTROL=/run/user/1000/keyring
Jul 31 15:57:30 debian systemd[768]: Started dbus.service - D-Bus User Message Bus.
Jul 31 15:57:30 debian pulseaudio[785]: The decibel volume range for element 'Center' (-4650 dB - -2400 dB) has negative maximum. Disabling the decibel range.
Jul 31 15:57:30 debian pulseaudio[785]: The decibel volume range for element 'LFE' (-4650 dB - -2400 dB) has negative maximum. Disabling the decibel range.
Jul 31 15:57:30 debian pulseaudio[785]: The decibel volume range for element 'Center' (-4650 dB - -2400 dB) has negative maximum. Disabling the decibel range.
